    Finished `test` profile [unoptimized + debuginfo] target(s) in 0.75s
     Running unittests src\main.rs (target\debug\deps\ritk-1d8c8ed5aa3230b2.exe)

running 197 tests
test commands::convert::tests::test_convert_missing_input_returns_error ... ok
test commands::filter::tests::test_filter_discrete_gaussian_sigma_zero_variance_is_noop_on_sum ... ok
test commands::filter::tests::test_filter_gaussian_sigma_zero_is_noop ... ok
test commands::convert::tests::test_convert_metaimage_to_nifti ... ok
test commands::convert::tests::test_convert_unknown_output_extension_returns_error ... ok
test commands::filter::tests::test_filter_anisotropic_creates_output ... ok
test commands::filter::tests::test_filter_label_erosion_creates_output ... ok
test commands::convert::tests::test_convert_explicit_format_flag_overrides_extension ... ok
test commands::filter::tests::test_filter_label_closing_creates_output ... ok
test commands::filter::tests::test_filter_laplacian_creates_output ... ok
test commands::filter::tests::test_filter_label_opening_creates_output ... ok
test commands::filter::tests::test_filter_gradient_magnitude_creates_output ... ok
test commands::filter::tests::test_filter_frangi_creates_output ... ok
test commands::filter::tests::test_filter_intensity_windowing_creates_output ... ok
test commands::filter::tests::test_filter_bed_separation_masks_background ... ok
test commands::filter::tests::test_filter_binary_threshold_produces_binary_output ... ok
test commands::convert::tests::test_convert_nifti_to_metaimage ... ok
test commands::filter::tests::test_filter_gaussian_creates_output_file ... ok
test commands::filter::tests::test_filter_bilateral_creates_output_with_correct_shape ... ok
test commands::convert::tests::test_convert_nifti_to_nifti_round_trip ... ok
test commands::filter::tests::test_filter_missing_input_returns_error ... ok
test commands::filter::tests::test_filter_curvature_creates_output ... ok
test commands::convert::tests::test_convert_nifti_to_nrrd ... ok
test commands::filter::tests::test_filter_morph_recon_requires_mask ... ok
test commands::filter::tests::test_filter_recursive_gaussian_invalid_order_returns_error ... ok
test commands::filter::tests::test_filter_discrete_gaussian_creates_output ... ok
test commands::filter::tests::test_filter_median_creates_output_with_correct_shape ... ok
test commands::filter::tests::test_filter_unknown_name_returns_error ... ok
test commands::filter::tests::test_filter_recursive_gaussian_order_1_creates_output ... ok
test commands::filter::tests::test_filter_canny_creates_output_with_binary_values ... ok
test commands::filter::tests::test_filter_log_creates_output_with_correct_shape ... ok
test commands::register::tests::test_image_to_array3_and_back_preserves_values ... ok
test commands::register::tests::test_image_to_flat_vec_and_back_preserves_values ... ok
test commands::filter::tests::test_filter_gaussian_preserves_shape ... ok
test commands::filter::tests::test_filter_threshold_outside_creates_output ... ok
test commands::filter::tests::test_filter_sobel_creates_output_with_correct_shape ... ok
test commands::normalize::tests::test_normalize_white_stripe_invalid_contrast_returns_error ... ok
test commands::filter::tests::test_filter_threshold_below_creates_output ... ok
test commands::filter::tests::test_filter_threshold_above_creates_output ... ok
test commands::filter::tests::test_filter_rescale_intensity_output_range ... ok
test commands::filter::tests::test_filter_recursive_gaussian_creates_output_with_correct_shape ... ok
test commands::filter::tests::test_filter_sigmoid_creates_output_bounded ... ok
test commands::normalize::tests::test_normalize_histogram_match_without_reference_returns_error ... ok
test commands::filter::tests::test_filter_sato_creates_output ... ok
test commands::normalize::tests::test_normalize_nyul_creates_output ... ok
test commands::normalize::tests::test_normalize_unknown_method_returns_error ... ok
test commands::normalize::tests::test_normalize_nyul_with_reference_creates_output ... ok
test commands::normalize::tests::test_normalize_zscore_creates_output_file ... ok
test commands::register::tests::test_register_missing_fixed_returns_error ... ok
test commands::normalize::tests::test_normalize_histogram_match_creates_output ... ok
test commands::normalize::tests::test_normalize_zscore_masked_creates_output_file ... ok
test commands::register::tests::test_register_affine_mi_creates_output ... ok
test commands::register::tests::test_register_unknown_method_returns_error ... ok
test commands::normalize::tests::test_normalize_minmax_output_in_zero_one ... ok
test commands::register::tests::test_register_bspline_ffd_identity_finite_voxels ... ok
test commands::normalize::tests::test_normalize_zscore_output_has_near_zero_mean ... ok
test commands::register::tests::test_register_rigid_mi_creates_output_with_correct_shape ... ok
test commands::register::tests::test_register_bspline_ffd_creates_output_with_correct_shape ... ok
test commands::normalize::tests::test_normalize_zscore_masked_mean_of_foreground_voxels_near_zero ... ok
test commands::register::tests::test_register_ic_demons_creates_output_with_correct_shape ... ok
test commands::segment::tests::test_parse_seed_too_few_components_returns_error ... ok
test commands::register::tests::test_register_bspline_syn_identity_finite_voxels ... ok
test commands::register::tests::test_register_identity_moving_preserves_voxel_sum_approximately ... ok
test commands::segment::tests::test_parse_seed_negative_component_returns_error ... ok
test commands::segment::tests::test_parse_seed_non_numeric_component_returns_error ... ok
test commands::register::tests::test_register_bspline_syn_creates_output_with_correct_shape ... ok
test commands::segment::tests::test_parse_seed_valid_input ... ok
test commands::segment::tests::test_parse_seed_with_spaces ... ok
test commands::resample::tests::test_resample_invalid_spacing_string_returns_error ... ok
test commands::register::tests::test_register_multires_demons_creates_output_with_correct_shape ... ok
test commands::register::tests::test_register_multires_syn_creates_output_with_correct_shape ... ok
test commands::register::tests::test_register_demons_creates_output_with_correct_shape ... ok
test commands::register::tests::test_register_multires_syn_identity_finite_voxels ... ok
test commands::register::tests::test_register_lddmm_creates_output_with_correct_shape ... ok
test commands::register::tests::test_register_multires_demons_identity_low_mse ... ok
test commands::register::tests::test_register_ic_demons_identity_finite_voxels ... ok
test commands::register::tests::test_register_demons_identity_low_mse ... ok
test commands::register::tests::test_register_lddmm_identity_finite_voxels ... ok
test commands::register::tests::test_register_syn_identity_finite_voxels ... ok
test commands::register::tests::test_register_syn_creates_output_with_correct_shape ... ok
test commands::segment::tests::test_segment_confidence_connected_missing_upper_returns_error ... ok
test commands::segment::tests::test_segment_confidence_connected_missing_seed_returns_error ... ok
test commands::segment::tests::test_segment_confidence_connected_missing_lower_returns_error ... ok
test commands::segment::tests::test_segment_connected_threshold_missing_lower_returns_error ... ok
test commands::segment::tests::test_segment_connected_threshold_missing_upper_returns_error ... ok
test commands::segment::tests::test_segment_connected_threshold_missing_seed_returns_error ... ok
test commands::segment::tests::test_segment_connected_threshold_lower_gt_upper_returns_error ... ok
test commands::resample::tests::test_resample_unknown_mode_returns_error ... ok
test commands::segment::tests::test_segment_binary_threshold_no_bounds_all_inside ... ok
test commands::segment::tests::test_segment_connected_threshold_out_of_bounds_seed_returns_error ... ok
test commands::register::tests::test_register_writes_transform_json_with_16_elements ... ok
test commands::segment::tests::test_segment_geodesic_active_contour_missing_phi_returns_error ... ok
test commands::segment::tests::test_segment_chan_vese_output_is_binary ... ok
test commands::segment::tests::test_segment_confidence_connected_output_is_binary ... ok
test commands::segment::tests::test_segment_confidence_connected_grows_region ... ok
test commands::segment::tests::test_segment_chan_vese_creates_output_with_correct_shape ... ok
test commands::filter::tests::test_filter_n4_applies_correction ... ok
test commands::segment::tests::test_segment_binary_threshold_output_is_strictly_binary ... ok
test commands::resample::tests::test_resample_nearest_constant_image ... ok
test commands::segment::tests::test_segment_binary_threshold_creates_output_with_correct_shape ... ok
test commands::segment::tests::test_segment_connected_components_output_labels_are_valid ... ok
test commands::segment::tests::test_segment_connected_components_connectivity_26 ... ok
test commands::segment::tests::test_segment_kapur_creates_output_and_threshold_between_modes ... ok
test commands::segment::tests::test_segment_distance_transform_background_is_zero ... ok
test commands::segment::tests::test_segment_connected_components_creates_output_with_correct_shape ... ok
test commands::resample::tests::test_resample_linear_same_spacing_preserves_shape ... ok
test commands::segment::tests::test_segment_connected_threshold_grows_sphere_from_centre_seed ... ok
test commands::segment::tests::test_segment_laplacian_level_set_missing_phi_returns_error ... ok
test commands::segment::tests::test_segment_kapur_foreground_count ... ok
test commands::segment::tests::test_segment_marker_watershed_missing_markers_returns_error ... ok
test commands::segment::tests::test_segment_malformed_seed_returns_error ... ok
test commands::segment::tests::test_segment_multi_otsu_classes_lt_2_returns_error ... ok
test commands::segment::tests::test_segment_connected_threshold_output_is_strictly_binary ... ok
test commands::segment::tests::test_segment_distance_transform_creates_output ... ok
test commands::segment::tests::test_segment_li_creates_output_and_threshold_between_modes ... ok
test commands::segment::tests::test_segment_multi_otsu_returns_k_minus_1_thresholds ... ok
test commands::segment::tests::test_segment_laplacian_level_set_creates_output_with_correct_shape ... ok
test commands::segment::tests::test_segment_otsu_threshold_between_modes ... ok
test commands::segment::tests::test_segment_kmeans_max_iterations_param_accepted ... ok
test commands::resample::tests::test_resample_half_spacing_doubles_size ... ok
test commands::segment::tests::test_segment_kmeans_tolerance_param_accepted ... ok
test commands::segment::tests::test_segment_laplacian_level_set_output_is_binary ... ok
test commands::segment::tests::test_segment_fill_holes_fills_enclosed_cavity ... ok
test commands::segment::tests::test_segment_geodesic_active_contour_creates_output_with_correct_shape ... ok
test commands::segment::tests::test_segment_neighborhood_connected_grows_region ... ok
test commands::segment::tests::test_segment_shape_detection_missing_phi_returns_error ... ok
test commands::segment::tests::test_segment_neighborhood_connected_output_is_binary ... ok
test commands::segment::tests::test_segment_otsu_creates_output_file_with_correct_shape ... ok
test commands::segment::tests::test_segment_kmeans_creates_output_with_valid_labels ... ok
test commands::segment::tests::test_segment_li_foreground_count ... ok
test commands::segment::tests::test_segment_otsu_foreground_count_equals_high_mode_voxels ... ok
test commands::segment::tests::test_segment_morphological_gradient_extracts_boundary ... ok
test commands::segment::tests::test_segment_threshold_level_set_missing_phi_returns_error ... ok
test commands::stats::tests::test_stats_dice_disjoint_masks_returns_zero ... ok
test commands::segment::tests::test_segment_threshold_level_set_missing_lower_returns_error ... ok
test commands::segment::tests::test_segment_threshold_level_set_lower_gt_upper_returns_error ... ok
test commands::segment::tests::test_segment_threshold_level_set_missing_upper_returns_error ... ok
test commands::segment::tests::test_segment_kmeans_seed_produces_deterministic_output ... ok
test commands::segment::tests::test_segment_unknown_method_returns_error ... ok
test commands::segment::tests::test_segment_multi_otsu_creates_output_with_correct_shape ... ok
test commands::segment::tests::test_segment_triangle_foreground_count ... ok
test commands::segment::tests::test_segment_triangle_creates_output_and_threshold_between_modes ... ok
test commands::segment::tests::test_segment_marker_watershed_creates_output_with_correct_shape ... ok
test commands::segment::tests::test_segment_multi_otsu_labels_in_valid_set ... ok
test commands::segment::tests::test_segment_yen_creates_output_and_threshold_between_modes ... ok
test commands::stats::tests::test_stats_dice_without_reference_returns_error ... ok
test commands::segment::tests::test_segment_yen_foreground_count ... ok
test commands::stats::tests::test_stats_summary_ramp_image_values ... ok
test commands::tests::test_infer_format_dicom_dcm ... ok
test commands::tests::test_infer_format_jpeg ... ok
test commands::tests::test_infer_format_jpg ... ok
test commands::tests::test_infer_format_metaimage_mha ... ok
test commands::segment::tests::test_segment_marker_watershed_output_contains_both_basin_labels ... ok
test commands::segment::tests::test_segment_skeletonization_creates_output ... ok
test commands::stats::tests::test_stats_hausdorff_without_reference_returns_error ... ok
test commands::tests::test_infer_format_metaimage_mhd ... ok
test commands::tests::test_infer_format_mgh ... ok
test commands::tests::test_infer_format_mgz ... ok
test commands::tests::test_infer_format_nhdr ... ok
test commands::segment::tests::test_segment_skeletonization_strictly_binary ... ok
test commands::tests::test_infer_format_nifti_compound_ext ... ok
test commands::segment::tests::test_segment_geodesic_active_contour_output_is_binary ... ok
test commands::tests::test_infer_format_nrrd ... ok
test commands::tests::test_infer_format_no_extension_returns_none ... ok
test commands::tests::test_infer_format_nifti_single_ext ... ok
test commands::tests::test_infer_format_png ... ok
test commands::stats::tests::test_stats_missing_input_returns_error ... ok
test commands::tests::test_infer_format_tif ... ok
test commands::tests::test_infer_format_tiff ... ok
test commands::tests::test_infer_format_unknown_returns_none ... ok
test commands::stats::tests::test_stats_dice_identical_masks_returns_one ... ok
test commands::tests::test_infer_format_vtk ... ok
test commands::tests::test_write_image_png_returns_err ... ok
test commands::segment::tests::test_segment_shape_detection_creates_output_with_correct_shape ... ok
test commands::viewer::tests::test_print_slice_table_handles_empty_input ... ok
test commands::tests::test_write_image_unknown_format_returns_err ... ok
test commands::viewer::tests::test_viewer_args_path_round_trip ... ok
test commands::segment::tests::test_segment_shape_detection_output_is_binary ... ok
test commands::viewer::tests::test_viewer_core_event_flow ... ok
test commands::stats::tests::test_stats_mean_surface_distance_without_reference_returns_error ... ok
test commands::stats::tests::test_stats_unknown_metric_returns_error ... ok
test commands::stats::tests::test_stats_mean_surface_distance_identical_masks_returns_zero ... ok
test commands::segment::tests::test_segment_threshold_level_set_creates_output_with_correct_shape ... ok
test commands::stats::tests::test_stats_psnr_without_reference_returns_error ... ok
test commands::segment::tests::test_segment_watershed_creates_output ... ok
test commands::segment::tests::test_segment_threshold_level_set_output_is_binary ... ok
test commands::stats::tests::test_stats_hausdorff_identical_masks_returns_zero ... ok
test commands::tests::test_write_image_jpeg_nz_gt_1_returns_err ... ok
test commands::stats::tests::test_stats_ssim_without_reference_returns_error ... ok
test commands::segment::tests::test_segment_otsu_output_is_strictly_binary ... ok
test commands::stats::tests::test_stats_psnr_identical_images_returns_inf ... ok
test commands::stats::tests::test_stats_ssim_identical_images_returns_one ... ok
test commands::tests::test_write_image_vtk_succeeds ... ok
test commands::stats::tests::test_stats_noise_estimate_constant_image_returns_zero ... ok
test commands::tests::test_write_image_jpeg_2d_succeeds ... ok
test commands::stats::tests::test_stats_summary_constant_image ... ok
test commands::tests::test_write_image_dicom_creates_directory ... ok

test result: ok. 197 passed; 0 failed; 0 ignored; 0 measured; 0 filtered out; finished in 0.18s

     Running unittests src\lib.rs (target\debug\deps\ritk_core-36798b1f0ae770e8.exe)

running 777 tests
test annotation::annotation_state::tests::test_annotation_state_empty ... ok
test annotation::label_table::tests::test_label_table_remove_absent ... ok
test annotation::annotation_state::tests::test_clear ... ok
test annotation::label_table::tests::test_label_table_next_free_id_empty ... ok
test annotation::annotation_state::tests::test_add_contour_valid ... ok
test annotation::annotation_state::tests::test_add_polyline_valid ... ok
test annotation::label_map::tests::test_label_map_new_all_background ... ok
test annotation::label_map::tests::test_label_map_num_voxels ... ok
test annotation::label_map::tests::test_label_map_set_and_get ... ok
test annotation::label_table::tests::test_label_table_next_free_id_with_gaps ... ok
test annotation::label_table::tests::test_label_table_add_and_get ... ok
test annotation::label_table::tests::test_label_table_len_and_is_empty ... ok
test annotation::label_table::tests::test_label_table_remove_present ... ok
test annotation::annotation_state::tests::test_add_point ... ok
test annotation::overlay::tests::test_colormap_default_is_grayscale ... ok
test annotation::label_table::tests::test_label_table_set_visibility ... ok
test annotation::overlay::tests::test_contour_overlay_add_contour_valid ... ok
test annotation::annotation_state::tests::test_seeds_for_label ... ok
test annotation::label_table::tests::test_label_table_duplicate_id_error ... ok
test annotation::annotation_state::tests::test_add_polyline_too_short ... ok
test annotation::annotation_state::tests::test_add_contour_too_short ... ok
test annotation::overlay::tests::test_contour_overlay_add_contour_single_point_returns_err ... ok
test annotation::label_map::tests::test_label_map_from_data_wrong_len ... ok
test annotation::label_map::tests::test_label_map_count_label ... ok
test annotation::overlay::tests::test_overlay_state_add_image_overlay_len ... ok
test annotation::overlay::tests::test_image_overlay_new_correct_length ... ok
test annotation::overlay::tests::test_overlay_state_remove_image_overlay ... ok
test annotation::overlay::tests::test_overlay_state_visible_image_overlays ... ok
test annotation::undo_redo::tests::test_redo_with_no_future_returns_false ... ok
test annotation::undo_redo::tests::test_undo_redo_push_increments_history ... ok
test annotation::undo_redo::tests::test_undo_redo_stack_initial ... ok
test annotation::undo_redo::tests::test_multiple_undo_redo_cycle ... ok
test annotation::undo_redo::tests::test_future_depth_tracking ... ok
test annotation::undo_redo::tests::test_redo_after_undo ... ok
test annotation::undo_redo::tests::test_push_clears_future ... ok
test annotation::undo_redo::tests::test_undo_one_step ... ok
test annotation::undo_redo::tests::test_undo_at_initial_returns_false ... ok
test filter::bias::n4::tests::next_pow2_boundaries ... ok
test annotation::label_map::tests::test_label_map_mask_for_label ... ok
test filter::bias::bspline_bias::tests::basis_sums_to_one_over_unit_interval ... ok
test annotation::label_map::tests::test_label_map_from_data_valid ... ok
test filter::bias::n4::tests::gaussian_kernel_normalised_and_symmetric ... ok
test annotation::overlay::tests::test_mask_overlay_label_count ... ok
test filter::bias::bspline_bias::tests::constant_control_points_partition_of_unity ... ok
test filter::bias::n4::tests::rms_diff_identity_and_positive ... ok
test filter::bias::n4::tests::histogram_sharpen_passthrough_for_constant_input ... ok
test filter::bias::n4::tests::dft_round_trip ... ok
test annotation::undo_redo::tests::test_undo_redo_with_string_state ... ok
test annotation::label_map::tests::test_label_map_present_labels ... ok
test filter::bias::bspline_bias::tests::partition_of_unity_larger_grid ... ok
test annotation::annotation_state::tests::test_json_roundtrip ... ok
test annotation::overlay::tests::test_overlay_state_serde_round_trip ... ok
test filter::bias::n4::tests::histogram_sharpen_continuous_bimodal_reduces_spread ... ok
test annotation::overlay::tests::test_image_overlay_new_panics_on_dims_mismatch - should panic ... ok
test filter::discrete_gaussian::tests::test_empty_variance_panics - should panic ... ok
test filter::discrete_gaussian::tests::test_maximum_error_one_panics - should panic ... ok
test filter::discrete_gaussian::tests::test_maximum_error_zero_panics - should panic ... ok
test filter::bilateral::tests::test_bilateral_metadata_preserved ... ok
test filter::diffusion::perona_malik::tests::test_quadratic_conductance_stable ... ok
test filter::diffusion::perona_malik::tests::test_uniform_image_unchanged ... ok
test filter::discrete_gaussian::tests::test_maximum_error_smaller_produces_larger_kernel ... ok
test filter::discrete_gaussian::tests::test_larger_variance_produces_more_smoothing_on_step_edge ... ok
test filter::discrete_gaussian::tests::test_use_image_spacing_accounts_for_spacing ... ok
test filter::discrete_gaussian::tests::test_impulse_response_matches_analytical_gaussian ... ok
test filter::diffusion::curvature::tests::test_constant_image_unchanged ... ok
test filter::diffusion::curvature::tests::test_linear_field_unchanged ... ok
test filter::diffusion::perona_malik::tests::test_mean_conservation ... ok
test filter::discrete_gaussian::tests::test_zero_variance_produces_identity ... ok
test filter::diffusion::perona_malik::tests::test_step_edge_preservation ... ok
test filter::edge::gradient_magnitude::tests::test_non_unit_spacing ... ok
test filter::edge::laplacian::tests::test_linear_field_zero_laplacian ... ok
test filter::edge::canny::tests::test_invalid_thresholds - should panic ... ok
test filter::discrete_gaussian::tests::test_spatial_metadata_preserved ... ok
test filter::edge::gradient_magnitude::tests::test_uniform_image_zero_gradient ... ok
test filter::edge::gradient_magnitude::tests::test_ramp_x_gradient ... ok
test filter::edge::gradient_magnitude::tests::test_diagonal_ramp_gradient ... ok
test filter::discrete_gaussian::tests::test_per_dimension_variance_applied_independently ... ok
test filter::edge::laplacian::tests::test_isotropic_quadratic ... ok
test filter::discrete_gaussian::tests::test_uniform_image_is_unchanged_by_gaussian ... ok
test filter::bilateral::tests::test_bilateral_uniform_image_unchanged ... ok
test filter::edge::laplacian::tests::test_non_unit_spacing ... ok
test filter::discrete_gaussian::tests::test_output_shape_matches_input ... ok
test filter::edge::laplacian::tests::test_quadratic_x_laplacian ... ok
test filter::bilateral::tests::test_bilateral_edge_preservation ... ok
test filter::edge::gradient_magnitude::tests::test_apply_from_slice_matches_apply ... ok
test filter::bilateral::tests::test_bilateral_smooth_region_is_smoothed ... ok
test filter::edge::laplacian::tests::test_uniform_zero_laplacian ... ok
test filter::edge::sobel::tests::test_metadata_preserved ... ok
test filter::edge::sobel::tests::test_uniform_image_zero_gradient ... ok
test filter::edge::sobel::tests::test_non_unit_spacing ... ok
test filter::intensity::bed_separation::tests::test_apply_uses_outside_value ... ok
test filter::edge::sobel::tests::test_ramp_y_axis_separation ... ok
test filter::intensity::bed_separation::tests::test_binary_morphology_round_trip_identity_radius_zero ... ok
test filter::intensity::bed_separation::tests::test_threshold_foreground ... ok
test filter::edge::sobel::tests::test_ramp_z_axis_separation ... ok
test filter::edge::sobel::tests::test_anisotropic_spacing_diagonal ... ok
test filter::intensity::binary_threshold::tests::test_boundary_lower_is_foreground ... ok
test filter::intensity::binary_threshold::tests::test_boundary_upper_is_foreground ... ok
test filter::intensity::binary_threshold::tests::test_inside_range_is_foreground ... ok
test filter::intensity::binary_threshold::tests::test_outside_range_is_background ... ok
test filter::intensity::rescale::tests::test_custom_output_range ... ok
test filter::intensity::bed_separation::tests::test_keep_largest_component_selects_body ... ok
test filter::intensity::binary_threshold::tests::test_mixed_image_individual_values ... ok
test filter::edge::sobel::tests::test_ramp_x_unit_spacing ... ok
test filter::intensity::rescale::tests::test_single_voxel_gives_out_min ... ok
test filter::intensity::rescale::tests::test_ramp_rescale_to_unit ... ok
test filter::edge::sobel::tests::test_diagonal_ramp_magnitude ... ok
test filter::intensity::rescale::tests::test_uniform_image_gives_out_min ... ok
test filter::intensity::sigmoid::tests::test_at_alpha_gives_midpoint ... ok
test filter::intensity::sigmoid::tests::test_large_positive_input_approaches_max ... ok
test filter::intensity::sigmoid::tests::test_large_negative_input_approaches_min ... ok
test filter::intensity::sigmoid::tests::test_monotone_increasing_with_positive_beta ... ok
test filter::intensity::bed_separation::tests::test_mask_preserves_foreground_and_removes_background ... ok
test filter::diffusion::curvature::tests::test_mean_conservation ... ok
test filter::intensity::rescale::tests::test_negative_values_rescaled ... ok
test filter::intensity::sigmoid::tests::test_output_range_bounded ... ok
test filter::intensity::threshold::tests::test_above_no_change_if_all_below ... ok
test filter::intensity::threshold::tests::test_below_no_change_if_all_above ... ok
test filter::intensity::threshold::tests::test_above_zeros_high_values ... ok
test filter::intensity::threshold::tests::test_below_zeros_low_values ... ok
test filter::intensity::threshold::tests::test_outside_keeps_interior ... ok
test filter::intensity::threshold::tests::test_outside_uniform_inside ... ok
test filter::intensity::windowing::tests::test_above_window_clamp_to_out_max ... ok
test filter::intensity::windowing::tests::test_below_window_clamp_to_out_min ... ok
test filter::intensity::windowing::tests::test_equal_window_bounds_gives_out_min ... ok
test filter::intensity::windowing::tests::test_full_image_output_bounded ... ok
test filter::intensity::windowing::tests::test_interior_linear_mapping ... ok
test filter::morphology::grayscale_dilation::tests::test_radius_zero_identity ... ok
test filter::median::tests::test_metadata_preserved ... ok
test filter::morphology::grayscale_dilation::tests::test_extensivity ... ok
test filter::morphology::grayscale_erosion::tests::test_bright_spot_reduced ... ok
test filter::morphology::grayscale_erosion::tests::test_anti_extensivity ... ok
test filter::morphology::grayscale_dilation::tests::test_duality_with_erosion ... ok
test filter::median::tests::test_identity_for_radius_zero ... ok
test filter::morphology::grayscale_dilation::tests::test_constant_image_unchanged ... ok
test filter::morphology::grayscale_erosion::tests::test_constant_image_unchanged ... ok
test filter::median::tests::test_impulse_noise_removed ... ok
test filter::diffusion::curvature::tests::test_stability_small_timestep ... ok
test filter::morphology::grayscale_erosion::tests::test_radius_zero_identity ... ok
test filter::morphology::hit_or_miss::tests::test_identity_both_zero ... ok
test filter::morphology::hit_or_miss::tests::test_anti_extensivity ... ok
test filter::morphology::hit_or_miss::tests::test_constant_fg_zeroes ... ok
test filter::morphology::hit_or_miss::tests::test_metadata_preserved ... ok
test filter::median::tests::test_uniform_image_unchanged ... ok
test filter::morphology::label_morphology::tests::test_conflict_min_label_wins ... ok
test filter::morphology::label_morphology::tests::test_label_closing_empty_is_identity ... ok
test filter::morphology::label_morphology::tests::test_all_background_unchanged ... ok
test filter::morphology::hit_or_miss::tests::test_isolated_voxel_detected ... ok
test filter::morphology::label_morphology::tests::test_label_erosion_metadata_preserved ... ok
test filter::morphology::label_morphology::tests::test_label_closing_metadata_preserved ... ok
test filter::morphology::label_morphology::tests::test_label_closing_fills_background_hole ... ok
test filter::morphology::label_morphology::tests::test_label_erosion_single_voxel_erodes_to_zero ... ok
test filter::morphology::label_morphology::tests::test_label_erosion_all_background_unchanged ... ok
test filter::morphology::label_morphology::tests::test_label_erosion_interior_preserved ... ok
test filter::morphology::label_morphology::tests::test_label_opening_metadata_preserved ... ok
test filter::morphology::label_morphology::tests::test_label_erosion_radius_zero_is_identity ... ok
test filter::morphology::label_morphology::tests::test_label_expands_into_background ... ok
test filter::morphology::label_morphology::tests::test_label_opening_empty_is_identity ... ok
test filter::morphology::label_morphology::tests::test_metadata_preserved ... ok
test filter::morphology::label_morphology::tests::test_radius_zero_identity ... ok
test filter::morphology::label_morphology::tests::test_label_opening_removes_isolated_voxel ... ok
test filter::morphology::grayscale_dilation::tests::test_bright_spot_expanded ... ok
test filter::morphology::label_morphology::tests::test_recon_marker_equals_mask_converges_immediately ... ok
test filter::morphology::label_morphology::tests::test_recon_shape_mismatch_returns_error ... ok
test filter::morphology::label_morphology::tests::test_recon_metadata_preserved ... ok
test filter::morphology::label_morphology::tests::test_recon_erosion_contracts_to_mask ... ok
test filter::morphology::label_morphology::tests::test_recon_dilation_expands_to_mask ... ok
test filter::recursive_gaussian::tests::test_coefficients_dc_gain ... ok
test filter::morphology::top_hat::tests::test_bth_radius_zero ... ok
test filter::morphology::top_hat::tests::test_bth_metadata ... ok
test filter::morphology::top_hat::tests::test_wth_radius_zero ... ok
test filter::morphology::top_hat::tests::test_wth_metadata ... ok
test filter::recursive_gaussian::tests::test_second_derivative_of_quadratic ... ok
test filter::recursive_gaussian::tests::test_first_derivative_of_linear_ramp ... ok
test filter::recursive_gaussian::tests::test_small_sigma_near_identity ... ok
test filter::morphology::top_hat::tests::test_bth_constant_zero ... ok
test filter::morphology::top_hat::tests::test_wth_constant_zero ... ok
test filter::morphology::top_hat::tests::test_wth_non_negative ... ok
test filter::morphology::top_hat::tests::test_bth_non_negative ... ok
test filter::morphology::top_hat::tests::test_bth_dark_hole ... ok
test filter::vesselness::hessian::tests::test_eigenvalues_diagonal_positive ... ok
test filter::morphology::top_hat::tests::test_wth_bright_spike ... ok
test filter::vesselness::frangi::tests::test_gaussian_blur_uniform_invariant ... ok
test filter::vesselness::hessian::tests::test_eigenvalues_identity ... ok
test filter::vesselness::frangi::tests::test_gaussian_blur_smooths_peak ... ok
test filter::vesselness::hessian::tests::test_eigenvalues_mixed_sign ... ok
test filter::vesselness::hessian::tests::test_eigenvalues_negative_diagonal ... ok
test filter::vesselness::hessian::tests::test_eigenvalues_offdiagonal_block ... ok
test filter::vesselness::hessian::tests::test_hessian_nonunit_spacing ... ok
test filter::vesselness::hessian::tests::test_hessian_product_xy ... ok
test filter::vesselness::hessian::tests::test_hessian_quadratic_separable ... ok
test filter::recursive_gaussian::tests::test_smoothing_constant_image ... ok
test filter::vesselness::frangi::tests::test_frangi_dark_vessel_gate_rejects_bright_tube ... ok
test image::image::tests::test_image_creation ... ok
test image::metadata::tests::test_metadata_creation ... ok
test image::metadata::tests::test_metadata_default ... ok
test image::metadata::tests::test_metadata_setters ... ok
test image::transform::tests::test_index_to_physical_transform ... ok
test filter::morphology::grayscale_erosion::tests::test_opening_removes_small_bright_feature ... ok
test filter::vesselness::frangi::tests::test_frangi_uniform_image_zero_vesselness ... ok
test filter::recursive_gaussian::tests::test_smoothing_preserves_sum ... ok
test image::transform::tests::test_non_zero_origin ... ok
test image::transform::tests::test_non_unit_spacing ... ok
test image::transform::tests::test_physical_to_index_transform ... ok
test image::transform::tests::test_transform_roundtrip ... ok
test interpolation::bspline::tests::test_bspline_basis ... ok
test interpolation::bspline::tests::test_bspline_2d ... ok
test interpolation::linear::tests::test_linear_interpolator_1d ... ok
test interpolation::linear::tests::test_linear_interpolation_at_grid_points ... ok
test interpolation::bspline::tests::test_bspline_3d ... ok
test interpolation::linear::tests::test_linear_interpolator_2d ... ok
test filter::vesselness::sato::tests::test_uniform_image_zero_response ... ok
test filter::vesselness::frangi::tests::test_frangi_cylindrical_tube ... ok
test filter::vesselness::sato::tests::test_response_all_finite ... ok
test filter::vesselness::sato::tests::test_dark_tube_rejected_by_bright_gate ... ok
test filter::resample::tests::test_resample_translation_2d ... ok
test filter::diffusion::curvature::tests::test_spherical_blob_smoothed ... ok
test interpolation::linear::tests::test_linear_interpolator_out_of_bounds ... ok
test interpolation::nearest::tests::test_nearest_neighbor_interpolator_1d ... ok
test interpolation::nearest::tests::test_nearest_neighbor_interpolator_2d_axes ... ok
test interpolation::nearest::tests::test_nearest_neighbor_interpolator_2d ... ok
test interpolation::nearest::tests::test_nearest_neighbor_interpolator_4d ... ok
test interpolation::linear::tests::test_linear_interpolator_3d_axes ... ok
test interpolation::nearest::tests::test_nearest_neighbor_interpolator_rounding ... ok
test filter::bias::n4::tests::two_class_n4_stability_discrete_histogram ... ok
test interpolation::sinc::tests::test_lanczos_kernel_outside_support ... ok
test interpolation::sinc::tests::test_lanczos_kernel_at_origin ... ok
test interpolation::sinc::tests::test_lanczos_kernel_symmetry ... ok
test interpolation::sinc::tests::test_lanczos_kernel_zeros ... ok
test interpolation::linear::tests::test_linear_interpolator_4d ... ok
test interpolation::sinc::tests::test_lanczos_weights_bounds ... ok
test interpolation::sinc::tests::test_lanczos_interpolator_invalid_window_size - should panic ... ok
test interpolation::sinc::tests::test_sinc_interpolator_bandlimited_signal ... ok
test segmentation::clustering::kmeans::tests::test_default_k2 ... ok
test interpolation::sinc::tests::test_sinc_interpolator_3d_at_grid_points ... ok
test segmentation::clustering::kmeans::tests::test_constant_image_all_same_label ... ok
test segmentation::clustering::kmeans::tests::test_convenience_fn_produces_valid_output ... ok
test segmentation::clustering::kmeans::tests::test_bimodal_two_clusters ... ok
test segmentation::clustering::kmeans::tests::test_apply_preserves_spatial_metadata ... ok
test segmentation::clustering::kmeans::tests::test_apply_output_shape_matches_input ... ok
test segmentation::clustering::kmeans::tests::test_k1_all_zero ... ok
test segmentation::clustering::kmeans::tests::test_deterministic_with_same_seed ... ok
test segmentation::clustering::kmeans::tests::test_labels_in_valid_range ... ok
test interpolation::sinc::tests::test_lanczos_interpolator_various_window_sizes ... ok
test interpolation::sinc::tests::test_sinc_interpolator_2d_at_grid_points ... ok
test segmentation::distance_transform::tests::test_1x1x1_background ... ok
test segmentation::distance_transform::tests::test_lower_envelope_known_case ... ok
test segmentation::distance_transform::tests::test_1x1x1_foreground ... ok
test segmentation::distance_transform::tests::test_2d_plane_known_geometry ... ok
test segmentation::distance_transform::tests::test_all_foreground_image ... ok
test segmentation::distance_transform::tests::test_asymmetric_shape_2x3x4 ... ok
test segmentation::distance_transform::tests::test_all_background_image ... ok
test segmentation::distance_transform::tests::test_lower_envelope_single_element ... ok
test segmentation::distance_transform::tests::test_checkerboard_3d ... ok
test segmentation::distance_transform::tests::test_lower_envelope_uniform ... ok
test interpolation::sinc::tests::test_sinc_interpolator_constant_image ... ok
test segmentation::distance_transform::tests::test_phase1_row_all_background ... ok
test segmentation::distance_transform::tests::test_phase1_row_all_foreground ... ok
test segmentation::distance_transform::tests::test_phase1_row_bg_at_both_ends ... ok
test filter::bias::n4::tests::constant_image_stable ... ok
test segmentation::distance_transform::tests::test_phase1_row_single_bg_at_start ... ok
test segmentation::distance_transform::tests::test_preserves_spatial_metadata ... ok
test segmentation::distance_transform::tests::test_single_background_voxel_at_corner ... ok
test segmentation::distance_transform::tests::test_two_background_voxels_minimum_distance ... ok
test segmentation::distance_transform::tests::test_single_foreground_voxel_center_5x5x5 ... ok
test segmentation::distance_transform::tests::test_unit_struct_api_matches_free_functions ... ok
test segmentation::labeling::tests::test_empty_mask_returns_zero_components ... ok
test segmentation::labeling::tests::test_two_separated_components_6_connectivity ... ok
test segmentation::labeling::tests::test_statistics_centroid_single_voxel ... ok
test segmentation::labeling::tests::test_two_components_connected_by_diagonal_6_not_connected ... ok
test segmentation::labeling::tests::test_label_values_are_consecutive_integers ... ok
test segmentation::labeling::tests::test_statistics_bounding_box ... ok
test segmentation::labeling::tests::test_metadata_preserved ... ok
test segmentation::labeling::tests::test_single_component_6_connectivity ... ok
test segmentation::labeling::tests::test_statistics_voxel_count ... ok
test segmentation::level_set::chan_vese::tests::test_default_matches_new ... ok
test segmentation::level_set::chan_vese::tests::test_regularised_dirac_properties ... ok
test segmentation::level_set::chan_vese::tests::test_curvature_of_sphere_phi ... ok
test segmentation::level_set::chan_vese::tests::test_regularised_heaviside_properties ... ok
test segmentation::level_set::geodesic_active_contour::tests::test_default_matches_new ... ok
test segmentation::level_set::geodesic_active_contour::tests::test_gaussian_kernel_normalised ... ok
test segmentation::level_set::geodesic_active_contour::tests::test_edge_stopping_values ... ok
test segmentation::level_set::geodesic_active_contour::tests::test_metadata_preserved ... ok
test filter::vesselness::frangi::tests::test_frangi_tube_exceeds_sphere ... ok
test segmentation::level_set::geodesic_active_contour::tests::test_shape_mismatch_returns_error ... ok
test segmentation::level_set::helpers::tests::test_curvature_sphere_positive ... ok
test segmentation::level_set::helpers::tests::test_curvature_flat_phi_is_zero ... ok
test segmentation::level_set::helpers::tests::test_dirac_peak_at_zero ... ok
test segmentation::level_set::helpers::tests::test_dirac_positive_everywhere ... ok
test segmentation::level_set::helpers::tests::test_dirac_symmetric ... ok
test segmentation::level_set::helpers::tests::test_edge_stopping_at_zero ... ok
test segmentation::level_set::helpers::tests::test_edge_stopping_bounded ... ok
test segmentation::level_set::helpers::tests::test_edge_stopping_large_gradient ... ok
test segmentation::level_set::helpers::tests::test_gaussian_kernel_length ... ok
test segmentation::level_set::helpers::tests::test_field_gradient_constant ... ok
test segmentation::level_set::helpers::tests::test_gaussian_kernel_normalised ... ok
test segmentation::level_set::helpers::tests::test_gaussian_kernel_peak_at_center ... ok
test segmentation::level_set::helpers::tests::test_gaussian_kernel_symmetric ... ok
test segmentation::level_set::helpers::tests::test_gaussian_smooth_identity_for_constant ... ok
test filter::bias::bspline_bias::tests::round_trip_constant_field ... ok
test segmentation::level_set::helpers::tests::test_gaussian_smooth_sigma_zero_is_identity ... ok
test segmentation::level_set::helpers::tests::test_gradient_magnitude_constant_is_zero ... ok
test segmentation::level_set::helpers::tests::test_gradient_magnitude_linear_ramp ... ok
test segmentation::level_set::chan_vese::tests::test_spatial_metadata_preserved ... ok
test segmentation::level_set::helpers::tests::test_heaviside_at_zero ... ok
test segmentation::level_set::helpers::tests::test_heaviside_monotone ... ok
test segmentation::level_set::helpers::tests::test_idx_clamped_negative ... ok
test segmentation::level_set::helpers::tests::test_idx_clamped_overflow ... ok
test segmentation::level_set::laplacian::tests::test_default_matches_new ... ok
test segmentation::level_set::laplacian::tests::test_shape_mismatch_returns_error ... ok
test segmentation::level_set::geodesic_active_contour::tests::test_output_is_binary ... ok
test segmentation::level_set::helpers::tests::test_heaviside_negative_large ... ok
test segmentation::level_set::helpers::tests::test_heaviside_positive_large ... ok
test segmentation::level_set::helpers::tests::test_idx_clamped_interior ... ok
test segmentation::level_set::chan_vese::tests::test_two_region_slab ... ok
test filter::edge::log::tests::test_linear_field_zero_log ... ok
test segmentation::level_set::shape_detection::tests::test_default_matches_new ... ok
test segmentation::level_set::laplacian::tests::test_zero_iterations_returns_initial_phi_thresholded ... ok
test filter::vesselness::frangi::tests::test_frangi_sphere_low_vesselness ... ok
test filter::edge::log::tests::test_constant_image_zero_log ... ok
test segmentation::level_set::shape_detection::tests::test_shape_mismatch_returns_error ... ok
test segmentation::level_set::threshold_level_set::tests::test_default_matches_new ... ok
test filter::edge::canny::tests::test_step_edge_produces_edges ... ok
test filter::edge::canny::tests::test_uniform_image_no_edges ... ok
test segmentation::level_set::threshold_level_set::tests::test_shape_mismatch_returns_error ... ok
test segmentation::morphology::binary_dilation::tests::test_1d_dilation_r1_known_output ... ok
test segmentation::level_set::laplacian::tests::test_metadata_preserved ... ok
test filter::vesselness::sato::tests::test_cylindrical_tube_detects_line ... ok
test segmentation::level_set::chan_vese::tests::test_uniform_image_homogeneous_output ... ok
test segmentation::morphology::binary_dilation::tests::test_1d_dilation_r2_known_output ... ok
test segmentation::level_set::shape_detection::tests::test_metadata_preserved ... ok
test segmentation::morphology::binary_dilation::tests::test_1d_dilation_single_voxel_at_boundary ... ok
test segmentation::morphology::binary_dilation::tests::test_double_dilation_superset_of_single_dilation ... ok
test segmentation::morphology::binary_dilation::tests::test_output_strictly_binary_3d ... ok
test segmentation::morphology::binary_dilation::tests::test_preserves_spatial_metadata ... ok
test segmentation::morphology::binary_dilation::tests::test_radius0_is_identity_1d ... ok
test segmentation::morphology::binary_dilation::tests::test_radius0_is_identity_3d ... ok
test segmentation::morphology::binary_dilation::tests::test_single_center_voxel_5x5x5_dilates_to_box_r1 ... ok
test segmentation::morphology::binary_dilation::tests::test_single_corner_voxel_3x3x3_dilates_to_corner_box ... ok
test segmentation::morphology::binary_erosion::tests::test_1d_all_foreground_erosion_r1 ... ok
test segmentation::level_set::threshold_level_set::tests::test_metadata_preserved ... ok
test segmentation::morphology::binary_dilation::tests::test_all_background_stays_all_background ... ok
test segmentation::morphology::binary_dilation::tests::test_all_foreground_stays_all_foreground ... ok
test segmentation::morphology::binary_dilation::tests::test_dilation_increases_or_preserves_foreground_count ... ok
test segmentation::morphology::binary_dilation::tests::test_dilation_is_extensive ... ok
test segmentation::morphology::binary_erosion::tests::test_1d_single_voxel_eroded ... ok
test segmentation::morphology::binary_erosion::tests::test_1d_erosion_r1_known_output ... ok
test segmentation::morphology::binary_erosion::tests::test_all_background_stays_empty ... ok
test segmentation::morphology::binary_erosion::tests::test_all_fg_5x5x5_erosion_r1_keeps_3x3x3_interior ... ok
test segmentation::morphology::binary_erosion::tests::test_double_erosion_subset_of_single_erosion ... ok
test segmentation::morphology::binary_erosion::tests::test_all_fg_7x7x7_erosion_r2_keeps_3x3x3_interior ... ok
test segmentation::morphology::binary_erosion::tests::test_erosion_is_anti_extensive ... ok
test segmentation::morphology::binary_erosion::tests::test_output_strictly_binary_3d ... ok
test segmentation::morphology::binary_erosion::tests::test_preserves_spatial_metadata ... ok
test segmentation::morphology::binary_erosion::tests::test_radius0_is_identity_1d ... ok
test segmentation::morphology::binary_erosion::tests::test_single_voxel_eroded_to_empty ... ok
test segmentation::morphology::binary_erosion::tests::test_radius0_is_identity_3d ... ok
test segmentation::morphology::fill_holes::tests::test_fill_holes_all_one_unchanged ... ok
test segmentation::morphology::fill_holes::tests::test_fill_holes_all_zero_unchanged ... ok
test segmentation::morphology::fill_holes::tests::test_fill_holes_output_shape_preserved ... ok
test segmentation::morphology::fill_holes::tests::test_fill_holes_hollow_sphere_fills_interior ... ok
test segmentation::morphology::morphological_gradient::tests::test_gradient_all_zero_gives_all_zero ... ok
test segmentation::morphology::morphological_gradient::tests::test_gradient_all_one_interior_voxels_zero ... ok
test segmentation::morphology::fill_holes::tests::test_fill_holes_solid_sphere_unchanged ... ok
test segmentation::morphology::morphological_gradient::tests::test_gradient_output_shape_preserved ... ok
test segmentation::morphology::morphological_gradient::tests::test_gradient_solid_ball_only_boundary_voxels_nonzero ... ok
test segmentation::morphology::morphological_gradient::tests::test_gradient_values_binary ... ok
test segmentation::morphology::skeletonization::tests::test_1d_empty_stays_empty ... ok
test segmentation::morphology::skeletonization::tests::test_1d_all_foreground ... ok
test segmentation::morphology::skeletonization::tests::test_1d_run_produces_midpoint ... ok
test segmentation::morphology::skeletonization::tests::test_1d_two_runs_two_midpoints ... ok
test segmentation::morphology::skeletonization::tests::test_2d_3x3_square_thins_to_center ... ok
test segmentation::morphology::skeletonization::tests::test_1d_single_voxel_preserved ... ok
test segmentation::morphology::skeletonization::tests::test_2d_binary_output ... ok
test segmentation::morphology::skeletonization::tests::test_2d_empty_stays_empty ... ok
test segmentation::morphology::skeletonization::tests::test_2d_horizontal_line_preserved ... ok
test segmentation::morphology::skeletonization::tests::test_2d_single_pixel_preserved ... ok
test segmentation::morphology::skeletonization::tests::test_2d_no_2x2_block ... ok
test segmentation::morphology::skeletonization::tests::test_2d_spatial_metadata_preserved ... ok
test segmentation::morphology::skeletonization::tests::test_2d_topology_preserved ... ok
test segmentation::morphology::skeletonization::tests::test_2d_skeleton_is_subset ... ok
test segmentation::morphology::skeletonization::tests::test_3d_empty_stays_empty ... ok
test segmentation::morphology::skeletonization::tests::test_3d_binary_output ... ok
test segmentation::morphology::skeletonization::tests::test_3d_single_voxel_preserved ... ok
test segmentation::morphology::skeletonization::tests::test_3d_cube_thins_to_smaller ... ok
test segmentation::morphology::skeletonization::tests::test_3d_straight_line_preserved ... ok
test segmentation::morphology::skeletonization::tests::test_3d_skeleton_is_subset ... ok
test segmentation::morphology::skeletonization::tests::test_3d_spatial_metadata_preserved ... ok
test segmentation::morphology::skeletonization::tests::test_fg_components_26_adjacent_corners ... ok
test segmentation::morphology::skeletonization::tests::test_fg_components_26_empty ... ok
test segmentation::morphology::skeletonization::tests::test_default_impl ... ok
test segmentation::morphology::skeletonization::tests::test_fg_components_26_single_component ... ok
test segmentation::morphology::skeletonization::tests::test_3d_topology_preserved ... ok
test segmentation::morphology::skeletonization::tests::test_fg_components_26_two_components ... ok
test segmentation::morphology::skeletonization::tests::test_morphological_operation_trait ... ok
test segmentation::region_growing::confidence_connected::tests::test_binary_output_verification ... ok
test segmentation::region_growing::confidence_connected::tests::test_initial_bound_exact_values_are_inclusive ... ok
test segmentation::region_growing::confidence_connected::tests::test_iterative_update_converges_to_stable_region ... ok
test segmentation::region_growing::confidence_connected::tests::test_3d_sphere_region_growing ... ok
test segmentation::region_growing::confidence_connected::tests::test_filter_struct_builder_pattern ... ok
test segmentation::region_growing::confidence_connected::tests::test_large_multiplier_expands_region_over_gradient ... ok
test segmentation::region_growing::confidence_connected::tests::test_max_iteration_limit_respected ... ok
test segmentation::region_growing::confidence_connected::tests::test_multi_seed_two_cubes_no_cross_contamination ... ok
test segmentation::region_growing::confidence_connected::tests::test_seed_at_volume_corner_grows_full_uniform_volume ... ok
test segmentation::level_set::threshold_level_set::tests::test_output_is_binary ... ok
test segmentation::region_growing::confidence_connected::tests::test_seed_outside_initial_range_returns_empty ... ok
test segmentation::region_growing::confidence_connected::tests::test_seed_in_uniform_region_grows_entire_volume ... ok
test segmentation::region_growing::confidence_connected::tests::test_spatial_metadata_preserved ... ok
test segmentation::region_growing::confidence_connected::tests::test_zero_max_iterations_returns_only_seed_voxel ... ok
test segmentation::region_growing::confidence_connected::tests::test_multiplier_affects_region_size ... ok
test segmentation::region_growing::neighborhood_connected::tests::test_3d_sphere_region_growing_radius_zero ... ok
test segmentation::region_growing::neighborhood_connected::tests::test_anisotropic_radius ... ok
test segmentation::region_growing::neighborhood_connected::tests::test_3d_sphere_neighborhood_erodes_boundary ... ok
test segmentation::region_growing::neighborhood_connected::tests::test_boundary_seed_radius_overflow_clamped_to_domain ... ok
test segmentation::region_growing::neighborhood_connected::tests::test_connectivity_is_6_not_diagonal ... ok
test segmentation::region_growing::neighborhood_connected::tests::test_adversarial_noisy_boundary_large_radius_rejects_surface_voxels ... ok
test segmentation::region_growing::neighborhood_connected::tests::test_filter_struct_default_radius ... ok
test segmentation::region_growing::neighborhood_connected::tests::test_filter_struct_matches_function ... ok
test segmentation::region_growing::neighborhood_connected::tests::test_is_neighborhood_admissible_direct ... ok
test segmentation::region_growing::neighborhood_connected::tests::test_multi_seed_two_cubes_no_cross_contamination ... ok
test segmentation::region_growing::neighborhood_connected::tests::test_large_uniform_image_large_radius_grows_all_voxels ... ok
test segmentation::region_growing::neighborhood_connected::tests::test_larger_interior_with_radius ... ok
test segmentation::region_growing::neighborhood_connected::tests::test_neighborhood_rejects_noisy_voxel ... ok
test segmentation::region_growing::neighborhood_connected::tests::test_neighborhood_radius_restricts_boundary ... ok
test segmentation::region_growing::neighborhood_connected::tests::test_radius_zero_equivalent_to_connected_threshold ... ok
test segmentation::region_growing::neighborhood_connected::tests::test_seed_neighborhood_outside_range_returns_empty ... ok
test segmentation::region_growing::neighborhood_connected::tests::test_seed_voxel_itself_above_upper_returns_empty ... ok
test segmentation::region_growing::neighborhood_connected::tests::test_spatial_metadata_preserved ... ok
test segmentation::region_growing::neighborhood_connected::tests::test_strictly_binary_output ... ok
test segmentation::region_growing::neighborhood_connected::tests::test_seed_voxel_itself_below_lower_returns_empty ... ok
test segmentation::region_growing::neighborhood_connected::tests::test_two_regions_seed_selects_one ... ok
test segmentation::region_growing::neighborhood_connected::tests::test_uniform_image_grows_entire_volume ... ok
test segmentation::region_growing::tests::test_connectivity_is_6_not_diagonal ... ok
test segmentation::level_set::chan_vese::tests::test_output_is_strictly_binary ... ok
test segmentation::region_growing::tests::test_filter_struct_matches_function ... ok
test segmentation::region_growing::tests::test_3d_sphere_region_growing ... ok
test segmentation::level_set::laplacian::tests::test_output_is_binary ... ok
test segmentation::region_growing::tests::test_fully_grown_region_output_is_strictly_binary ... ok
test segmentation::region_growing::tests::test_intensity_just_above_upper_bound_excluded ... ok
test segmentation::region_growing::tests::test_intensity_just_below_lower_bound_excluded ... ok
test segmentation::region_growing::tests::test_seed_outside_range_returns_all_zero ... ok
test segmentation::region_growing::tests::test_single_voxel_exactly_on_lower_bound ... ok
test segmentation::region_growing::tests::test_single_voxel_exactly_on_upper_bound ... ok
test segmentation::region_growing::tests::test_spatial_metadata_preserved ... ok
test segmentation::region_growing::tests::test_two_regions_seed_selects_one ... ok
test segmentation::threshold::binary::tests::test_band_selects_correct_subset ... ok
test segmentation::threshold::binary::tests::test_all_voxels_outside_band_become_outside_value ... ok
test segmentation::threshold::binary::tests::test_default_construction ... ok
test segmentation::region_growing::tests::test_uniform_image_grows_entire_volume ... ok
test segmentation::threshold::binary::tests::test_lower_bound_voxel_is_inside ... ok
test segmentation::threshold::binary::tests::test_custom_inside_outside_values ... ok
test segmentation::threshold::binary::tests::test_3d_band_select_correct_voxel_count ... ok
test segmentation::threshold::binary::tests::test_all_voxels_inside_band_become_inside_value ... ok
test segmentation::threshold::binary::tests::test_lower_only_threshold_via_infinity_upper ... ok
test segmentation::threshold::binary::tests::test_lower_gt_upper_panics_function - should panic ... ok
test segmentation::threshold::binary::tests::test_nan_outside_value_panics - should panic ... ok
test segmentation::threshold::binary::tests::test_lower_gt_upper_panics_new - should panic ... ok
test segmentation::threshold::binary::tests::test_infinite_inside_value_panics - should panic ... ok
test segmentation::threshold::binary::tests::test_single_point_band_lower_eq_upper ... ok
test segmentation::threshold::binary::tests::test_output_shape_matches_input ... ok
test segmentation::threshold::binary::tests::test_spatial_metadata_preserved ... ok
test segmentation::threshold::binary::tests::test_struct_and_function_produce_identical_results ... ok
test segmentation::threshold::binary::tests::test_upper_bound_voxel_is_inside ... ok
test segmentation::threshold::binary::tests::test_voxel_just_above_upper_is_outside ... ok
test segmentation::threshold::binary::tests::test_upper_only_threshold_via_neg_infinity_lower ... ok
test segmentation::threshold::binary::tests::test_slice_fn_matches_filter ... ok
test segmentation::threshold::binary::tests::test_voxel_just_below_lower_is_outside ... ok
test segmentation::threshold::kapur::tests::test_constant_image_returns_constant_value ... ok
test segmentation::level_set::shape_detection::tests::test_output_is_binary ... ok
test segmentation::threshold::kapur::tests::test_default_is_256_bins ... ok
test segmentation::threshold::kapur::tests::test_apply_output_is_strictly_binary ... ok
test segmentation::threshold::kapur::tests::test_apply_output_shape_matches_input ... ok
test segmentation::threshold::kapur::tests::test_apply_preserves_spatial_metadata ... ok
test segmentation::threshold::li::tests::test_apply_output_is_binary ... ok
test segmentation::threshold::kapur::tests::test_with_bins_one_panics - should panic ... ok
test segmentation::threshold::kapur::tests::test_with_bins_zero_panics - should panic ... ok
test segmentation::threshold::li::tests::test_apply_output_shape_matches_input ... ok
test segmentation::threshold::li::tests::test_apply_preserves_spatial_metadata ... ok
test segmentation::threshold::li::tests::test_bimodal_threshold_between_modes ... ok
test segmentation::threshold::kapur::tests::test_compute_kapur_from_slice_matches_filter ... ok
test segmentation::threshold::li::tests::test_compute_li_from_slice_matches_filter ... ok
test segmentation::threshold::li::tests::test_constant_image_returns_constant_value ... ok
test segmentation::threshold::li::tests::test_convenience_fn_matches_struct_compute ... ok
test segmentation::threshold::li::tests::test_default_is_256_bins_1000_iters ... ok
test segmentation::threshold::kapur::tests::test_bimodal_threshold_separates_modes ... ok
test segmentation::threshold::kapur::tests::test_convenience_fn_matches_struct_compute ... ok
test segmentation::threshold::multi_otsu::tests::test_between_class_variance_asymmetric_split_uniform ... ok
test segmentation::threshold::multi_otsu::tests::test_between_class_variance_k3_three_equal_classes ... ok
test segmentation::threshold::multi_otsu::tests::test_between_class_variance_k2_equals_product_formula ... ok
test segmentation::threshold::multi_otsu::tests::test_between_class_variance_symmetric_split_uniform ... ok
test segmentation::threshold::multi_otsu::tests::test_between_class_variance_symmetric_exceeds_asymmetric ... ok
test segmentation::threshold::multi_otsu::tests::test_constant_image_all_thresholds_equal_constant_value ... ok
test segmentation::threshold::multi_otsu::tests::test_default_is_3_classes_256_bins ... ok
test segmentation::threshold::multi_otsu::tests::test_custom_bin_count_still_separates_modes ... ok
test segmentation::threshold::multi_otsu::tests::test_k2_bimodal_threshold_between_modes ... ok
test segmentation::threshold::multi_otsu::tests::test_k2_apply_produces_strictly_binary_labels ... ok
test segmentation::threshold::multi_otsu::tests::test_k2_apply_bimodal_correct_class_assignment ... ok
test segmentation::threshold::multi_otsu::tests::test_k2_returns_exactly_one_threshold ... ok
test segmentation::threshold::multi_otsu::tests::test_apply_preserves_spatial_metadata_3d ... ok
test segmentation::threshold::multi_otsu::tests::test_convenience_fn_k1_panics - should panic ... ok
test segmentation::threshold::multi_otsu::tests::test_apply_3d_trimodal_labels_correct ... ok
test segmentation::threshold::multi_otsu::tests::test_apply_label_ordering_monotone_for_monotone_input ... ok
test segmentation::threshold::multi_otsu::tests::test_k3_apply_label_values_in_valid_set ... ok
test segmentation::threshold::multi_otsu::tests::test_k3_returns_exactly_two_thresholds ... ok
test segmentation::threshold::multi_otsu::tests::test_computation_is_deterministic ... ok
test segmentation::threshold::multi_otsu::tests::test_k3_trimodal_thresholds_separate_all_three_clusters ... ok
test segmentation::threshold::multi_otsu::tests::test_k3_trimodal_apply_assigns_correct_class_labels ... ok
test segmentation::threshold::multi_otsu::tests::test_k3_with_only_two_distinct_values_returns_two_thresholds ... ok
test segmentation::threshold::multi_otsu::tests::test_compute_multi_otsu_from_slice_matches_filter ... ok
test segmentation::threshold::multi_otsu::tests::test_convenience_fn_matches_struct_compute ... ok
test segmentation::threshold::multi_otsu::tests::test_new_with_k1_panics - should panic ... ok
test segmentation::threshold::multi_otsu::tests::test_single_voxel_k3_returns_two_thresholds_equal_to_value ... ok
test segmentation::threshold::multi_otsu::tests::test_single_voxel_returns_single_threshold_at_pixel_value ... ok
test segmentation::threshold::multi_otsu::tests::test_thresholds_are_strictly_increasing ... ok
test segmentation::threshold::multi_otsu::tests::test_thresholds_within_intensity_range ... ok
test segmentation::threshold::multi_otsu::tests::test_with_bins_zero_panics - should panic ... ok
test filter::edge::log::tests::test_gaussian_blob_negative_centre ... ok
test segmentation::threshold::otsu::tests::test_3d_apply_output_binary ... ok
test filter::bias::n4::tests::output_all_positive ... ok
test segmentation::threshold::otsu::tests::test_3d_bimodal_threshold_correct ... ok
test segmentation::level_set::geodesic_active_contour::tests::test_uniform_image_no_edges ... ok
test segmentation::threshold::otsu::tests::test_apply_output_is_strictly_binary ... ok
test segmentation::threshold::otsu::tests::test_bimodal_threshold_separates_modes ... ok
test segmentation::threshold::otsu::tests::test_compute_otsu_from_slice_matches_filter ... ok
test segmentation::threshold::otsu::tests::test_apply_preserves_spatial_metadata ... ok
test segmentation::threshold::otsu::tests::test_constant_image_returns_constant_value ... ok
test segmentation::threshold::otsu::tests::test_bimodal_apply_correct_labeling ... ok
test segmentation::threshold::otsu::tests::test_convenience_fn_matches_struct_compute ... ok
test segmentation::threshold::otsu::tests::test_default_is_256_bins ... ok
test segmentation::threshold::otsu::tests::test_custom_bins_still_separates_modes ... ok
test segmentation::threshold::otsu::tests::test_single_voxel_returns_its_value ... ok
test segmentation::threshold::otsu::tests::test_three_mode_distribution_threshold_between_outer_modes ... ok
test segmentation::threshold::otsu::tests::test_threshold_is_deterministic ... ok
test segmentation::threshold::otsu::tests::test_threshold_lies_within_intensity_range ... ok
test segmentation::threshold::otsu::tests::test_two_voxels_bimodal_threshold_between_values ... ok
test segmentation::threshold::otsu::tests::test_unequal_class_sizes_threshold_between_modes ... ok
test segmentation::threshold::triangle::tests::test_apply_output_shape_matches_input ... ok
test segmentation::threshold::triangle::tests::test_apply_output_is_binary ... ok
test segmentation::threshold::otsu::tests::test_with_bins_zero_panics - should panic ... ok
test segmentation::threshold::otsu::tests::test_with_bins_one_panics - should panic ... ok
test segmentation::threshold::triangle::tests::test_apply_preserves_spatial_metadata ... ok
test segmentation::threshold::triangle::tests::test_bimodal_threshold_between_modes ... ok
test segmentation::threshold::triangle::tests::test_compute_triangle_from_slice_matches_filter ... ok
test segmentation::threshold::triangle::tests::test_constant_image_returns_constant_value ... ok
test segmentation::threshold::triangle::tests::test_convenience_fn_matches_struct ... ok
test segmentation::threshold::triangle::tests::test_default_is_256_bins ... ok
test segmentation::threshold::triangle::tests::test_with_bins_one_panics - should panic ... ok
test segmentation::threshold::yen::tests::test_apply_preserves_shape_and_metadata ... ok
test segmentation::threshold::yen::tests::test_apply_output_is_binary ... ok
test segmentation::threshold::yen::tests::test_bimodal_threshold_separates_modes ... ok
test segmentation::threshold::yen::tests::test_constant_image_returns_constant_value ... ok
test segmentation::threshold::yen::tests::test_compute_yen_from_slice_matches_filter ... ok
test segmentation::threshold::yen::tests::test_convenience_fn_matches_struct_compute ... ok
test segmentation::threshold::yen::tests::test_default_is_256_bins ... ok
test segmentation::threshold::yen::tests::test_with_bins_one_panics - should panic ... ok
test segmentation::threshold::yen::tests::test_with_bins_zero_panics - should panic ... ok
test segmentation::watershed::marker_controlled::tests::test_all_seeded_image_all_labels_preserved ... ok
test segmentation::watershed::marker_controlled::tests::test_default_construction ... ok
test segmentation::watershed::marker_controlled::tests::test_gradient_drives_flooding_order ... ok
test segmentation::watershed::marker_controlled::tests::test_3d_two_sphere_seeds_produce_two_basins ... ok
test segmentation::watershed::marker_controlled::tests::test_spatial_metadata_preserved ... ok
test segmentation::watershed::marker_controlled::tests::test_no_seeds_produces_all_zero_output ... ok
test segmentation::watershed::marker_controlled::tests::test_seed_labels_preserved ... ok
test segmentation::watershed::marker_controlled::tests::test_shape_mismatch_panics - should panic ... ok
test segmentation::watershed::marker_controlled::tests::test_output_shape_matches_input ... ok
test segmentation::watershed::marker_controlled::tests::test_two_seeds_uniform_gradient_boundary_in_middle ... ok
test segmentation::watershed::tests::test_default_construction ... ok
test segmentation::watershed::tests::test_constant_image_single_basin ... ok
test segmentation::watershed::tests::test_single_voxel_single_basin ... ok
test segmentation::watershed::tests::test_spatial_metadata_preserved ... ok
test segmentation::watershed::tests::test_labels_are_nonneg_integers ... ok
test segmentation::watershed::tests::test_output_shape_matches_input ... ok
test spatial::direction::tests::test_direction_axis_directions ... ok
test spatial::direction::tests::test_direction_identity ... ok
test segmentation::watershed::tests::test_two_minima_produce_two_basins_with_boundary ... ok
test spatial::direction::tests::test_direction_is_orthogonal ... ok
test spatial::direction::tests::test_direction_is_proper_rotation ... ok
test spatial::point::tests::test_point_creation ... ok
test spatial::point::tests::test_point_from_slice ... ok
test spatial::point::tests::test_point_origin ... ok
test spatial::point::tests::test_point_subtraction ... ok
test spatial::point::tests::test_point_to_vec ... ok
test spatial::point::tests::test_point_vector_addition ... ok
test spatial::spacing::tests::test_spacing_creation ... ok
test spatial::spacing::tests::test_spacing_is_uniform ... ok
test spatial::spacing::tests::test_spacing_min_max ... ok
test spatial::spacing::tests::test_spacing_uniform ... ok
test spatial::vector::tests::test_vector_creation ... ok
test spatial::vector::tests::test_vector_arithmetic ... ok
test spatial::vector::tests::test_vector_axes ... ok
test spatial::vector::tests::test_vector_from_slice ... ok
test spatial::vector::tests::test_vector_to_vec ... ok
test statistics::image_comparison::tests::test_dice_2d_known_overlap ... ok
test statistics::image_comparison::tests::test_dice_both_empty_returns_one ... ok
test statistics::image_comparison::tests::test_dice_disjoint_masks_is_zero ... ok
test statistics::image_comparison::tests::test_dice_identical_masks_is_one ... ok
test statistics::image_comparison::tests::test_dice_known_overlap_half ... ok
test statistics::image_comparison::tests::test_dice_one_empty_one_nonempty_is_zero ... ok
test statistics::image_comparison::tests::test_dice_symmetry ... ok
test statistics::image_comparison::tests::test_directed_hausdorff_empty_from_is_zero ... ok
test statistics::image_comparison::tests::test_euclidean_distance_known ... ok
test statistics::image_comparison::tests::test_flat_to_coords_round_trip ... ok
test statistics::image_comparison::tests::test_hausdorff_1d_known_value ... ok
test statistics::image_comparison::tests::test_hausdorff_scales_with_spacing ... ok
test statistics::image_comparison::tests::test_hausdorff_both_empty_is_zero ... ok
test statistics::image_comparison::tests::test_hausdorff_identical_masks_is_zero ... ok
test statistics::image_comparison::tests::test_hausdorff_symmetry ... ok
test statistics::image_comparison::tests::test_min_distance_to_empty_set_is_infinity ... ok
test statistics::image_comparison::tests::test_msd_1d_known_value ... ok
test statistics::image_comparison::tests::test_msd_both_empty_is_zero ... ok
test statistics::image_comparison::tests::test_msd_identical_masks_is_zero ... ok
test statistics::image_comparison::tests::test_msd_leq_hausdorff ... ok
test statistics::image_comparison::tests::test_msd_symmetry ... ok
test statistics::image_comparison::tests::test_psnr_identical_images_is_infinity ... ok
test statistics::image_comparison::tests::test_psnr_known_value ... ok
test statistics::image_comparison::tests::test_psnr_larger_error_lower_value ... ok
test statistics::image_comparison::tests::test_psnr_symmetry ... ok
test statistics::image_comparison::tests::test_ssim_constant_identical_is_one ... ok
test statistics::image_comparison::tests::test_ssim_identical_images_is_one ... ok
test statistics::image_comparison::tests::test_ssim_negated_image_is_low ... ok
test statistics::image_comparison::tests::test_ssim_symmetry ... ok
test statistics::image_comparison::tests::test_strides_3d ... ok
test statistics::image_statistics::tests::test_masked_statistics_empty_mask_panics - should panic ... ok
test statistics::image_statistics::tests::test_masked_statistics_shape_mismatch_panics - should panic ... ok
test statistics::image_statistics::tests::test_masked_statistics_single_foreground_voxel ... ok
test statistics::image_statistics::tests::test_masked_statistics_subset ... ok
test statistics::image_statistics::tests::test_reverse_order_input_matches_sorted ... ok
test statistics::image_statistics::tests::test_select_percentiles_match_sort_parity ... ok
test statistics::image_statistics::tests::test_single_voxel ... ok
test statistics::image_statistics::tests::test_two_values ... ok
test statistics::image_statistics::tests::test_uniform_image ... ok
test statistics::image_statistics::tests::test_known_sequence ... ok
test statistics::label_statistics::tests::test_length_mismatch_panics - should panic ... ok
test statistics::label_statistics::tests::test_background_label_zero_excluded ... ok
test statistics::label_statistics::tests::test_compute_from_image_api_matches_slice_api ... ok
test statistics::image_statistics::tests::test_masked_statistics_all_foreground_matches_full ... ok
test statistics::label_statistics::tests::test_results_sorted_by_label ... ok
test statistics::label_statistics::tests::test_two_labels_independent_statistics ... ok
test statistics::label_statistics::tests::test_shape_mismatch_panics - should panic ... ok
test statistics::label_statistics::tests::test_single_label_known_statistics ... ok
test statistics::label_statistics::tests::test_single_label_single_voxel ... ok
test statistics::noise_estimation::tests::test_mad_constant_image_returns_zero ... ok
test statistics::noise_estimation::tests::test_mad_masked_empty_foreground_returns_zero ... ok
test statistics::noise_estimation::tests::test_mad_masked_subset_selection ... ok
test statistics::noise_estimation::tests::test_mad_masked_shape_mismatch_panics - should panic ... ok
test statistics::noise_estimation::tests::test_mad_masked_agrees_with_unmasked_for_all_ones_mask ... ok
test statistics::noise_estimation::tests::test_mad_single_voxel_returns_zero ... ok
test statistics::noise_estimation::tests::test_mad_two_voxels_known_value ... ok
test statistics::noise_estimation::tests::test_median_sorted_even ... ok
test statistics::noise_estimation::tests::test_median_sorted_odd ... ok
test statistics::noise_estimation::tests::test_median_sorted_single ... ok
test statistics::normalization::histogram_matching::tests::test_constant_source_returns_unchanged ... ok
test statistics::normalization::histogram_matching::tests::test_default_uses_256_bins ... ok
test statistics::normalization::histogram_matching::tests::test_lut_endpoints_clamp_correctly ... ok
test statistics::noise_estimation::tests::test_mad_gaussian_noise_estimate_within_tolerance ... ok
test statistics::label_statistics::tests::test_uniform_intensity_within_label ... ok
test statistics::normalization::histogram_matching::tests::test_match_shifts_mean_toward_reference ... ok
test statistics::normalization::histogram_matching::tests::test_monotone_output_for_monotone_input ... ok
test statistics::normalization::histogram_matching::tests::test_output_shape_matches_source ... ok
test statistics::normalization::histogram_matching::tests::test_output_values_bounded_by_reference_range ... ok
test statistics::normalization::histogram_matching::tests::test_preserves_spatial_metadata ... ok
test statistics::normalization::histogram_matching::tests::test_single_reference_voxel ... ok
test statistics::normalization::histogram_matching::tests::test_single_source_voxel_does_not_panic ... ok
test statistics::normalization::histogram_matching::tests::test_self_match_is_approximately_identity ... ok
test statistics::normalization::minmax::tests::test_default_is_unit_range ... ok
test segmentation::level_set::threshold_level_set::tests::test_threshold_contracts_outside_range ... ok
test statistics::normalization::minmax::tests::test_minmax_constant_image_custom_range_maps_to_target_min ... ok
test statistics::normalization::minmax::tests::test_minmax_3d_shape_preserved ... ok
test statistics::normalization::minmax::tests::test_minmax_constant_image_does_not_panic ... ok
test segmentation::level_set::threshold_level_set::tests::test_uniform_in_range_expands ... ok
test statistics::normalization::minmax::tests::test_minmax_known_values_unit_range ... ok
test statistics::normalization::minmax::tests::test_minmax_ordering_preserved ... ok
test statistics::normalization::minmax::tests::test_minmax_max_is_one_after_normalization ... ok
test statistics::normalization::minmax::tests::test_minmax_preserves_metadata ... ok
test statistics::normalization::minmax::tests::test_minmax_min_is_zero_after_normalization ... ok
test statistics::normalization::minmax::tests::test_minmax_single_voxel ... ok
test statistics::normalization::minmax::tests::test_minmax_negative_input_values ... ok
test statistics::normalization::minmax::tests::test_minmax_with_custom_range ... ok
test statistics::normalization::minmax::tests::test_minmax_with_positive_shift ... ok
test statistics::normalization::nyul_udupa::tests::test_default_percentiles ... ok
test statistics::normalization::nyul_udupa::tests::test_constant_image_maps_to_constant ... ok
test statistics::normalization::nyul_udupa::tests::test_custom_percentiles ... ok
test statistics::normalization::nyul_udupa::tests::test_default_trait_matches_new ... ok
test statistics::normalization::nyul_udupa::tests::test_apply_before_learn_returns_error ... ok
test statistics::normalization::nyul_udupa::tests::test_learn_standard_empty_images_panics - should panic ... ok
test statistics::normalization::nyul_udupa::tests::test_learn_and_apply_single_image_roundtrip ... ok
test statistics::normalization::nyul_udupa::tests::test_learn_from_multiple_images_averages_landmarks ... ok
test statistics::normalization::nyul_udupa::tests::test_percentile_interpolation ... ok
test statistics::normalization::nyul_udupa::tests::test_percentile_median ... ok
test statistics::normalization::nyul_udupa::tests::test_percentile_single_element ... ok
test statistics::normalization::nyul_udupa::tests::test_percentile_min_and_max ... ok
test statistics::normalization::nyul_udupa::tests::test_piecewise_clamp_below ... ok
test statistics::normalization::nyul_udupa::tests::test_piecewise_clamp_above ... ok
test statistics::normalization::nyul_udupa::tests::test_piecewise_identity_mapping ... ok
test statistics::normalization::nyul_udupa::tests::test_piecewise_midpoint ... ok
test statistics::normalization::nyul_udupa::tests::test_preserves_spatial_metadata ... ok
test statistics::normalization::white_stripe::tests::test_empirical_cdf_rank_basic ... ok
test statistics::normalization::nyul_udupa::tests::test_with_percentiles_not_ascending_panics - should panic ... ok
test statistics::normalization::nyul_udupa::tests::test_standardize_two_different_ranges_converge ... ok
test statistics::normalization::nyul_udupa::tests::test_with_percentiles_too_few_panics - should panic ... ok
test statistics::normalization::white_stripe::tests::test_find_mode_in_range_basic ... ok
test statistics::normalization::white_stripe::tests::test_preserves_spatial_metadata ... ok
test statistics::normalization::white_stripe::tests::test_quantile_sorted_basic ... ok
test filter::vesselness::sato::tests::test_sphere_lower_response_than_tube ... ok
test statistics::normalization::white_stripe::tests::test_quantile_sorted_single ... ok
test statistics::normalization::white_stripe::tests::test_silverman_bandwidth_constant_data ... ok
test statistics::normalization::white_stripe::tests::test_silverman_bandwidth_positive ... ok
test statistics::normalization::white_stripe::tests::test_mask_restricts_foreground ... ok
test statistics::normalization::zscore::tests::test_zscore_constant_image_does_not_panic ... ok
test statistics::normalization::white_stripe::tests::test_default_config_non_degenerate ... ok
test statistics::normalization::white_stripe::tests::test_uniform_image_sigma_near_zero ... ok
test statistics::normalization::zscore::tests::test_zscore_known_values ... ok
test statistics::normalization::zscore::tests::test_zscore_masked_empty_mask_falls_back_to_full_image ... ok
test statistics::normalization::white_stripe::tests::test_explicit_bandwidth ... ok
test statistics::normalization::zscore::tests::test_zscore_masked_preserves_metadata ... ok
test statistics::normalization::zscore::tests::test_zscore_masked_uses_mask_statistics ... ok
test statistics::normalization::zscore::tests::test_zscore_zero_mean ... ok
test statistics::normalization::zscore::tests::test_zscore_negative_values_preserved_sign ... ok
test transform::affine::tests::test_affine_transform_identity ... ok
test statistics::normalization::white_stripe::tests::test_normalized_white_stripe_mean_zero_std_one ... ok
test statistics::normalization::zscore::tests::test_zscore_single_voxel ... ok
test statistics::normalization::zscore::tests::test_zscore_unit_variance ... ok
test transform::affine::tests::test_affine_transform_scale_with_center ... ok
test statistics::normalization::white_stripe::tests::test_trimodal_t1_wm_peak_detection ... ok
test transform::affine::tests::test_affine_transform_translation_with_center ... ok
test statistics::normalization::zscore::tests::test_zscore_preserves_metadata ... ok
test transform::bspline::tests::test_bspline_transform_creation ... ok
test transform::composite_io::tests::composite_construction_and_accessors ... ok
test transform::bspline::tests::test_bspline_transform_from_spatial ... ok
test transform::chained::tests::test_chained_transform_2d ... ok
test transform::bspline::tests::test_bspline_transform_1d ... ok
test transform::bspline::tests::test_bspline_transform_out_of_bounds ... ok
test transform::bspline::tests::test_bspline_transform_2d ... ok
test transform::composite_io::tests::composite_default_description_absent_in_json ... ok
test transform::composite_io::tests::composite_all_variants_roundtrip ... ok
test transform::composite_io::tests::composite_roundtrip_json_string ... ok
test transform::composite_io::tests::implied_dimensionality_affine ... ok
test transform::composite_io::tests::implied_dimensionality_rigid_consistency ... ok
test transform::composite_io::tests::from_json_truncated_payload_returns_error ... ok
test transform::composite_io::tests::from_json_wrong_type_returns_error ... ok
test transform::composite_io::tests::from_json_invalid_json_returns_error ... ok
test transform::composite_io::tests::load_json_nonexistent_file_returns_io_error ... ok
test transform::composite_io::tests::roundtrip_affine ... ok
test transform::composite_io::tests::roundtrip_bspline ... ok
test transform::composite_io::tests::roundtrip_displacement_field ... ok
test transform::composite_io::tests::roundtrip_rigid ... ok
test transform::composite_io::tests::roundtrip_translation ... ok
test transform::composite_io::tests::validate_detects_mismatched_dimensionality ... ok
test transform::bspline::tests::test_bspline_transform_4d_creation ... ok
test transform::rigid::tests::test_rigid_transform_1d ... ok
test transform::rigid::tests::test_rigid_transform_2d ... ok
test transform::rigid::tests::test_rigid_transform_2d_rotation ... ok
test transform::rigid::tests::test_rigid_transform_3d ... ok
test transform::rigid::tests::test_rigid_transform_4d ... ok
test transform::rigid::tests::test_rigid_transform_3d_rotation_z ... ok
test transform::scale::tests::test_scale_transform ... ok
test transform::scale::tests::test_scale_transform_with_center ... ok
test transform::translation::tests::test_translation_transform ... ok
test transform::versor::tests::test_versor_transform_3d_identity ... ok
test statistics::normalization::white_stripe::tests::test_t2_contrast_wm_peak_lower_range ... ok
test transform::versor::tests::test_versor_transform_3d_rotation_x_90 ... ok
test transform::composite_io::tests::composite_file_io_roundtrip ... ok
test segmentation::threshold::multi_otsu::tests::test_k4_four_cluster_thresholds_separate_all_clusters ... ok
test segmentation::threshold::multi_otsu::tests::test_k4_returns_exactly_three_thresholds ... ok
test segmentation::threshold::multi_otsu::tests::test_k4_apply_assigns_four_labels ... ok
test segmentation::threshold::multi_otsu::tests::test_threshold_count_equals_k_minus_1_for_k_2_3_4 ... ok
test segmentation::level_set::laplacian::tests::test_laplacian_expands_in_bright_region ... ok
test segmentation::threshold::multi_otsu::tests::test_k4_apply_label_ordering_monotone_for_monotone_input ... ok
test segmentation::level_set::shape_detection::tests::test_shape_detection_expands_in_homogeneous_region ... ok
test segmentation::level_set::chan_vese::tests::test_bimodal_sphere_segmentation ... ok
test segmentation::level_set::shape_detection::tests::test_shape_detection_stops_at_edges ... ok
test segmentation::level_set::threshold_level_set::tests::test_threshold_expands_within_range ... ok
test segmentation::level_set::geodesic_active_contour::tests::test_step_edge_contour_expands_to_edge ... ok
test filter::bias::bspline_bias::tests::round_trip_linear_field_rms_below_threshold ... ok
test segmentation::threshold::multi_otsu::tests::test_k5_five_cluster_thresholds_each_between_adjacent_modes ... ok
test segmentation::threshold::multi_otsu::tests::test_k5_apply_label_values_in_valid_set ... ok
test segmentation::threshold::multi_otsu::tests::test_k5_returns_exactly_four_thresholds ... ok

test result: ok. 777 passed; 0 failed; 0 ignored; 0 measured; 0 filtered out; finished in 7.31s

     Running tests\bspline_test.rs (target\debug\deps\bspline_test-4fbbb0b6b984c2bb.exe)

running 5 tests
test test_bspline_transform_3d_identity ... ok
test test_bspline_transform_2d_identity ... ok
test test_bspline_transform_2d_shift ... ok
test test_bspline_transform_3d_chunking ... ok
test test_bspline_boundary_conditions ... ok

test result: ok. 5 passed; 0 failed; 0 ignored; 0 measured; 0 filtered out; finished in 0.02s

     Running tests\coordinate_mapping.rs (target\debug\deps\coordinate_mapping-28216d6169a52eae.exe)

running 2 tests
test test_coordinate_roundtrip ... ok
test test_tensor_batch_consistency ... ok

test result: ok. 2 passed; 0 failed; 0 ignored; 0 measured; 0 filtered out; finished in 0.03s

     Running tests\image_test.rs (target\debug\deps\image_test-a00856331575f338.exe)

running 1 test
test test_rotated_image_transform ... ok

test result: ok. 1 passed; 0 failed; 0 ignored; 0 measured; 0 filtered out; finished in 0.03s

     Running tests\parity.rs (target\debug\deps\parity-fe3ad840422f905a.exe)

running 10 tests
test parity_sigmoid_midpoint_and_asymptotes ... ok
test parity_binary_threshold_indicator_function ... ok
test parity_threshold_below_preserves_at_and_above ... ok
test parity_laplacian_linear_ramp_is_zero_at_interior ... ok
test parity_rescale_intensity_constant_image_in_range ... ok
test parity_rescale_intensity_maps_full_range ... ok
test parity_dice_perfect_overlap ... ok
test parity_dice_zero_overlap ... ok
test parity_gradient_magnitude_constant_image_is_zero ... ok
test parity_zscore_zero_mean_unit_variance ... ok

test result: ok. 10 passed; 0 failed; 0 ignored; 0 measured; 0 filtered out; finished in 0.01s

     Running tests\transform_test.rs (target\debug\deps\transform_test-dd7089cfd3ff99ba.exe)

running 3 tests
test test_displacement_field_transform_2d ... ok
test test_rigid_transform_3d ... ok
test test_rigid_transform_2d ... ok

test result: ok. 3 passed; 0 failed; 0 ignored; 0 measured; 0 filtered out; finished in 0.01s

     Running unittests src\lib.rs (target\debug\deps\ritk_io-1207c09d220bd657.exe)

running 454 tests
test domain::vtk_data_object::tests::test_vtk_cell_type_round_trip_all_known ... ok
test domain::vtk_data_object::tests::test_vtk_cell_type_unknown_returns_none ... ok
test domain::vtk_data_object::tests::test_attribute_array_equality ... ok
test domain::vtk_data_object::tests::test_vtk_image_data_n_points_and_cells ... ok
test domain::vtk_data_object::tests::test_vtk_image_data_data_object_variant ... ok
test domain::vtk_data_object::tests::test_vtk_data_object_structured_variant ... ok
test domain::vtk_data_object::tests::test_vtk_structured_grid_n_cells ... ok
test domain::vtk_data_object::tests::test_vtk_structured_grid_n_points ... ok
test domain::vtk_data_object::tests::test_vtk_data_object_unstructured_variant ... ok
test domain::vtk_data_object::tests::test_vtk_poly_data_num_cells_multi_type ... ok
test domain::vtk_data_object::tests::test_vtk_data_object_polydata_wraps ... ok
test domain::vtk_data_object::tests::test_vtk_unstructured_grid_default_is_empty ... ok
test domain::vtk_scene::tests::test_new_scene_empty ... ok
test domain::vtk_scene::tests::test_actor_by_name_missing ... ok
test domain::vtk_scene::tests::test_add_actor_count ... ok
test domain::vtk_scene::tests::test_actor_by_name_found ... ok
test domain::vtk_data_object::tests::test_vtk_structured_grid_validate_ok ... ok
test domain::vtk_data_object::tests::test_vtk_unstructured_grid_validate_ok ... ok
test domain::vtk_scene::tests::test_remove_actor ... ok
test domain::vtk_scene::tests::test_render_properties_default ... ok
test domain::vtk_data_object::tests::test_vtk_poly_data_default_empty ... ok
test domain::vtk_data_object::tests::test_vtk_poly_data_validate_ok ... ok
test domain::vtk_data_object::tests::test_vtk_poly_data_validate_out_of_range ... ok
test domain::vtk_data_object::tests::test_vtk_unstructured_grid_cell_type_mismatch ... ok
test domain::vtk_data_object::tests::test_vtk_unstructured_grid_index_out_of_range ... ok
test domain::vtk_pipeline::tests::test_pipeline_source_only ... ok
test domain::vtk_data_object::tests::test_vtk_poly_data_validate_cell_data_scalar_ok ... ok
test domain::vtk_data_object::tests::test_vtk_image_data_validate_ok ... ok
test domain::vtk_pipeline::tests::test_pipeline_filter_transforms_data ... ok
test domain::vtk_pipeline::tests::test_pipeline_chained_filters_cumulative ... ok
test domain::vtk_data_object::tests::test_vtk_poly_data_validate_scalar_length ... ok
test domain::vtk_data_object::tests::test_vtk_structured_grid_validate_wrong_len ... ok
test domain::vtk_pipeline::tests::test_pipeline_with_identity_filter ... ok
test domain::vtk_pipeline::tests::test_pipeline_with_sink ... ok
test domain::vtk_data_object::tests::test_vtk_image_data_validate_wrong_scalar_len ... ok
test domain::vtk_scene::tests::test_multiple_actors_order ... ok
test format::dicom::multiframe::tests::test_per_frame_empty_when_no_functional_groups ... ok
test format::dicom::multiframe::tests::test_per_frame_info_default_all_none ... ok
test format::dicom::multiframe::tests::test_load_multiframe_missing_file_returns_error ... ok
test format::dicom::multiframe::tests::test_read_multiframe_info_missing_file_returns_error ... ok
test format::dicom::multiframe::tests::test_per_frame_shared_functional_groups ... ok
test format::dicom::multiframe::tests::test_multiframe_rejects_big_endian_ts ... ok
test format::dicom::multiframe::tests::test_load_multiframe_compressed_ts_errors ... ok
test format::dicom::multiframe::tests::test_multiframe_has_type2_patient_study_series_tags ... ok
test format::dicom::multiframe::tests::test_load_multiframe_spacing_from_slice_thickness ... ok
test format::dicom::multiframe::tests::test_read_multiframe_info_reports_scalar_defaults_for_single_frame ... ok
test format::dicom::multiframe::tests::test_write_multiframe_rejects_zero_dimension ... ok
test format::dicom::multiframe::tests::test_multiframe_info_rescale_slope_intercept_populated ... ok
test format::dicom::multiframe::tests::test_multiframe_info_per_frame_field_empty_for_basic_sop ... ok
test format::dicom::multiframe::tests::test_round_trip_flat_image_exact ... ok
test format::dicom::object_model::tests::canonical_tag_format_is_stable ... ok
test format::dicom::object_model::tests::preservation_set_tracks_object_and_raw_elements ... ok
test format::dicom::object_model::tests::object_model_replaces_nodes_by_tag ... ok
test format::dicom::object_model::tests::private_tag_detection_uses_odd_groups ... ok
test format::dicom::multiframe::tests::test_load_dicom_multiframe_enhanced_per_frame_rescale ... ok
test format::dicom::codec::tests::test_decode_compressed_frame_rle_lossless_unrestricted_round_trip ... ok
test format::dicom::codec::tests::test_decode_compressed_frame_rle_lossless_round_trip ... ok
test format::dicom::object_model::tests::sequence_items_preserve_order_and_replace_by_tag ... ok
test format::dicom::reader::tests::test_decode_pixel_bytes_8bit_with_rescale ... ok
test format::dicom::multiframe::tests::test_multiframe_has_conversion_type_wsd ... ok
test format::dicom::multiframe::tests::test_multiframe_info_and_roundtrip_writer_read_consistency ... ok
test format::dicom::reader::tests::test_decode_pixel_bytes_8bit_identity_rescale ... ok
test format::dicom::multiframe::tests::test_multiframe_has_study_and_series_uids ... ok
test format::dicom::reader::tests::test_decode_pixel_bytes_signed_16bit_with_rescale ... ok
test format::dicom::reader::tests::test_dot_3d ... ok
test format::dicom::reader::tests::test_decode_pixel_bytes_signed_16bit_identity_rescale ... ok
test format::dicom::reader::tests::test_decode_pixel_bytes_unsigned_16bit_identity_rescale ... ok
test format::dicom::reader::tests::test_is_likely_dicom_file_accepts_canonical_extensions ... ok
test format::dicom::reader::tests::test_is_likely_dicom_file_rejects_analyze_and_raw_extensions ... ok
test format::dicom::reader::tests::test_analyze_slice_spacing_nonuniform ... ok
test format::dicom::reader::tests::test_analyze_slice_spacing_uniform ... ok
test format::dicom::reader::tests::test_normalize_3d ... ok
test format::dicom::codec::tests::test_decode_compressed_frame_jpegls_near_lossless_round_trip ... ok
test format::dicom::codec::tests::test_decode_compressed_frame_jpegls_lossless_round_trip ... ok
test format::dicom::reader::tests::test_analyze_slice_spacing_missing_slice ... ok
test format::dicom::reader::tests::test_resample_frames_linear_identity_on_uniform ... ok
test format::dicom::reader::tests::test_physical_transform_depth_index_advances_along_slice_normal ... ok
test format::dicom::reader::tests::test_resample_frames_linear_missing_slice ... ok
test format::dicom::reader::tests::test_resample_frames_linear_nonuniform_interpolation ... ok
test format::dicom::multiframe::tests::test_multiframe_sop_class_is_mf_grayscale_word ... ok
test format::dicom::multiframe::tests::test_load_multiframe_signed_i16_roundtrip ... ok
test format::dicom::codec::tests::test_decode_compressed_frame_jpeg2000_lossless_round_trip ... ok
test format::dicom::reader::tests::test_load_series_big_endian_ts_errors ... ok
test format::dicom::multiframe::tests::test_load_multiframe_jpeg_baseline_codec_round_trip ... ok
test format::dicom::codec::tests::test_decode_compressed_frame_jpeg_baseline_round_trip ... ok
test format::dicom::codec::tests::test_decode_compressed_frame_rescale_contract ... ok
test format::dicom::codec::tests::test_decode_compressed_frame_jpeg_extended_round_trip ... ok
test format::dicom::reader::tests::test_scan_empty_directory_errors ... ok
test format::dicom::multiframe::tests::test_round_trip_negative_intensity_image ... ok
test format::dicom::multiframe::tests::test_written_multiframe_has_samples_per_pixel_one ... ok
test format::dicom::multiframe::tests::test_writer_config_instance_number_propagated ... ok
test format::dicom::multiframe::tests::test_write_multiframe_with_spatial_metadata_round_trip ... ok
test format::dicom::multiframe::tests::test_write_read_multiframe_roundtrip ... ok
test format::dicom::reader::tests::test_slice_metadata_default_pixel_representation_is_zero ... ok
test format::dicom::reader::tests::test_slice_normal_from_iop_axial ... ok
test format::dicom::reader::tests::test_scan_non_directory_errors ... ok
test format::dicom::reader::tests::test_read_slice_pixels_signed_i16_roundtrip ... ok
test format::dicom::rt_dose::tests::test_read_rt_dose_missing_file_returns_error ... ok
test format::dicom::reader::tests::test_gantry_tilt_synthesizes_oblique_orientation ... ok
test format::dicom::reader::tests::test_load_series_jpeg_baseline_codec_round_trip ... ok
test format::dicom::rt_plan::tests::test_read_rt_plan_missing_file_returns_error ... ok
test format::dicom::reader::tests::test_scan_all_non_image_sop_returns_error_with_rejected_uids ... ok
test format::dicom::rt_dose::tests::test_write_rt_dose_rejects_mismatched_voxel_count ... ok
test format::dicom::reader::tests::test_load_series_compressed_ts_errors ... ok
test format::dicom::reader::tests::test_load_from_series_oblique_direction_uses_column_slice_convention ... ok
test format::dicom::reader::tests::test_scan_directory_selects_most_populated_series_when_same_dimensions ... ok
test format::dicom::reader::tests::test_scan_mixed_non_image_and_ct_retains_image_slice ... ok
test format::dicom::reader::tests::test_scan_metadata_round_trip_rescale_params ... ok
test format::dicom::reader::tests::test_scan_metadata_round_trip_spatial_fields ... ok
test format::dicom::reader::tests::test_scan_private_sequence_is_preserved_in_object_model ... ok
test format::dicom::reader::tests::test_scan_metadata_round_trip_transfer_syntax ... ok
test format::dicom::reader::tests::test_scan_rt_plan_and_waveform_returns_error_with_two_uids ... ok
test format::dicom::rt_dose::tests::test_read_rt_dose_wrong_sop_class_returns_error ... ok
test format::dicom::rt_struct::tests::test_rt_roi_to_polydata_closed_planar ... ok
test format::dicom::rt_struct::tests::test_rt_roi_to_polydata_open_planar ... ok
test format::dicom::rt_struct::tests::test_rt_roi_to_polydata_mixed_contours ... ok
test format::dicom::rt_struct::tests::test_read_rt_struct_missing_file_returns_error ... ok
test format::dicom::seg::tests::test_read_seg_missing_file_returns_error ... ok
test format::dicom::rt_dose::tests::test_read_rt_dose_synthetic_grid ... ok
test format::dicom::reader::tests::test_scan_preserves_private_text_and_bytes_through_write_read_cycle ... ok
test format::dicom::rt_dose::tests::test_write_rt_dose_round_trip ... ok
test format::dicom::rt_plan::tests::test_read_rt_plan_wrong_sop_class_returns_error ... ok
test format::dicom::sop_class::tests::test_all_known_image_uids_return_true ... ok
test format::dicom::rt_plan::tests::test_read_rt_plan_synthetic_plan ... ok
test format::dicom::sop_class::tests::test_basic_text_sr_is_not_image_storage ... ok
test format::dicom::sop_class::tests::test_all_known_non_image_uids_return_false ... ok
test format::dicom::sop_class::tests::test_ct_is_image_storage ... ok
test format::dicom::sop_class::tests::test_encapsulated_pdf_is_not_image_storage ... ok
test format::dicom::sop_class::tests::test_empty_uid_classified_as_other ... ok
test format::dicom::sop_class::tests::test_enhanced_mr_is_image_storage ... ok
test format::dicom::sop_class::tests::test_enhanced_ct_is_image_storage ... ok
test format::dicom::sop_class::tests::test_enhanced_sr_is_not_image_storage ... ok
test format::dicom::rt_struct::tests::test_read_rt_struct_wrong_sop_class_returns_error ... ok
test format::dicom::sop_class::tests::test_grayscale_pr_is_not_image_storage ... ok
test format::dicom::sop_class::tests::test_mr_is_image_storage ... ok
test format::dicom::seg::tests::test_write_dicom_seg_rejects_mismatched_frame_count ... ok
test format::dicom::sop_class::tests::test_nm_is_image_storage ... ok
test format::dicom::sop_class::tests::test_pet_is_image_storage ... ok
test format::dicom::sop_class::tests::test_rtdose_is_not_image_storage ... ok
test format::dicom::sop_class::tests::test_rtplan_is_not_image_storage ... ok
test format::dicom::reader::tests::test_write_metadata_series_load_series_intensity_roundtrip ... ok
test format::dicom::reader::tests::test_scan_directory_warns_on_inconsistent_iop ... ok
test format::dicom::sop_class::tests::test_rtstruct_is_not_image_storage ... ok
test format::dicom::sop_class::tests::test_segmentation_is_image_storage ... ok
test format::dicom::sop_class::tests::test_uid_with_leading_trailing_whitespace ... ok
test format::dicom::sop_class::tests::test_ultrasound_is_image_storage ... ok
test format::dicom::reader::tests::test_scan_directory_warns_on_inconsistent_pixel_spacing ... ok
test format::dicom::sop_class::tests::test_secondary_capture_is_image_storage ... ok
test format::dicom::sop_class::tests::test_waveform_ecg_is_not_image_storage ... ok
test format::dicom::transfer_syntax::tests::test_big_endian_is_big_endian_true ... ok
test format::dicom::sop_class::tests::test_unknown_uid_classified_as_other ... ok
test format::dicom::transfer_syntax::tests::test_big_endian_is_not_natively_supported ... ok
test format::dicom::transfer_syntax::tests::test_codec_supported_implies_compressed ... ok
test format::dicom::transfer_syntax::tests::test_explicit_vr_le_is_natively_supported ... ok
test format::dicom::rt_plan::tests::test_write_rt_plan_rejects_nothing_but_writes_empty ... ok
test format::dicom::transfer_syntax::tests::test_explicit_vr_le_is_not_big_endian ... ok
test format::dicom::transfer_syntax::tests::test_from_metadata_known_uid ... ok
test format::dicom::transfer_syntax::tests::test_from_metadata_none_uid ... ok
test format::dicom::reader::tests::test_write_series_load_series_intensity_roundtrip ... ok
test format::dicom::transfer_syntax::tests::test_from_uid_implicit_vr_le ... ok
test format::dicom::transfer_syntax::tests::test_from_uid_jpeg_extended ... ok
test format::dicom::transfer_syntax::tests::test_from_uid_explicit_vr_le ... ok
test format::dicom::transfer_syntax::tests::test_from_uid_jpeg_lossless_non_hierarchical ... ok
test format::dicom::transfer_syntax::tests::test_from_uid_jpeg_xl_recompression ... ok
test format::dicom::rt_struct::tests::test_read_rt_struct_two_rois ... ok
test format::dicom::transfer_syntax::tests::test_from_uid_jpeg_xl_lossless ... ok
test format::dicom::transfer_syntax::tests::test_from_uid_jpeg_xl ... ok
test format::dicom::transfer_syntax::tests::test_is_codec_supported_jpeg2000_true ... ok
test format::dicom::transfer_syntax::tests::test_implicit_vr_le_is_natively_supported ... ok
test format::dicom::transfer_syntax::tests::test_is_codec_supported_jpeg_extended_true ... ok
test format::dicom::transfer_syntax::tests::test_from_uid_unknown ... ok
test format::dicom::transfer_syntax::tests::test_is_codec_supported_deflated_false ... ok
test format::dicom::transfer_syntax::tests::test_is_codec_supported_jpeg_baseline_true ... ok
test format::dicom::transfer_syntax::tests::test_is_codec_supported_jpeg_lossless_fop_true ... ok
test format::dicom::seg::tests::test_read_seg_preserves_pixel_spacing ... ok
test format::dicom::transfer_syntax::tests::test_is_codec_supported_jpeg_ls_true ... ok
test format::dicom::transfer_syntax::tests::test_is_codec_supported_jpeg_lossless_nh_true ... ok
test format::dicom::transfer_syntax::tests::test_is_codec_supported_jpeg_xl_recompression_true ... ok
test format::dicom::transfer_syntax::tests::test_is_codec_supported_jpeg_xl_lossless_true ... ok
test format::dicom::transfer_syntax::tests::test_is_codec_supported_jpeg_xl_true ... ok
test format::dicom::transfer_syntax::tests::test_is_codec_supported_rle_lossless_true ... ok
test format::dicom::transfer_syntax::tests::test_is_compressed_deflated_false ... ok
test format::dicom::seg::tests::test_read_seg_binary_4x4_single_frame ... ok
test format::dicom::transfer_syntax::tests::test_is_compressed_explicit_vr_le_false ... ok
test format::dicom::transfer_syntax::tests::test_is_compressed_jpeg_extended_true ... ok
test format::dicom::transfer_syntax::tests::test_is_compressed_jpeg_lossless_nh_true ... ok
test format::dicom::transfer_syntax::tests::test_is_compressed_jpeg_xl_lossless_true ... ok
test format::dicom::transfer_syntax::tests::test_is_compressed_jpeg_baseline ... ok
test format::dicom::rt_plan::tests::test_write_rt_plan_round_trip ... ok
test format::dicom::transfer_syntax::tests::test_is_compressed_jpeg_xl_recompression_true ... ok
test format::dicom::transfer_syntax::tests::test_is_compressed_jpeg_xl_true ... ok
test format::dicom::rt_struct::tests::test_read_rt_struct_roi_interpreted_type ... ok
test format::dicom::transfer_syntax::tests::test_is_lossless_jpeg_baseline_false ... ok
test format::dicom::transfer_syntax::tests::test_is_lossless_jpeg_extended_false ... ok
test format::dicom::rt_struct::tests::test_read_rt_struct_single_roi_closed_planar ... ok
test format::dicom::seg::tests::test_read_seg_wrong_sop_class_returns_error ... ok
test format::dicom::transfer_syntax::tests::test_is_lossless_jpeg_lossless_nh_true ... ok
test format::dicom::transfer_syntax::tests::test_is_lossless_jpeg_xl_false ... ok
test format::dicom::transfer_syntax::tests::test_is_lossless_jpeg_xl_lossless_true ... ok
test format::dicom::transfer_syntax::tests::test_is_natively_supported_deflated_false ... ok
test format::dicom::transfer_syntax::tests::test_natively_supported_and_codec_supported_are_disjoint ... ok
test format::dicom::transfer_syntax::tests::test_natively_supported_implies_not_compressed_and_not_big_endian ... ok
test format::dicom::transfer_syntax::tests::test_uid_roundtrip_all_known ... ok
test format::dicom::writer::tests::test_series_uid_distinct_on_rapid_successive_calls ... ok
test format::dicom::seg::tests::test_read_seg_per_frame_image_position ... ok
test format::dicom::writer_object::tests::test_model_to_in_mem_preserves_raw_bytes_and_sequence_node_count ... ok
test format::dicom::writer_object::tests::test_model_to_in_mem_text_node ... ok
test format::dicom::writer_object::tests::test_model_to_in_mem_u16_node ... ok
test format::dicom::seg::tests::test_read_seg_two_frames_two_segments ... ok
test format::dicom::seg::tests::test_write_dicom_seg_binary_roundtrip ... ok
test format::dicom::seg::tests::test_write_dicom_seg_fractional_roundtrip ... ok
test format::dicom::writer::tests::test_metadata_writer_rejects_zero_dimension ... ok
test format::jpeg::tests::read_nonexistent_file_errors ... ok
test format::dicom::writer::tests::test_writer_rejects_zero_dimension ... ok
test format::dicom::writer_object::tests::test_write_object_bytes_node_non_empty ... ok
test format::dicom::writer_object::tests::test_write_object_empty_model_creates_file ... ok
test format::dicom::writer::tests::test_metadata_writer_none_metadata_type2_tags ... ok
test format::dicom::writer::tests::test_writer_dcm_starts_with_dicom_magic ... ok
test format::dicom::writer::tests::test_writer_slice_files_are_nonempty ... ok
test format::dicom::writer::tests::test_preservation_sequence_round_trip ... ok
test format::dicom::writer::tests::test_preservation_raw_bytes_round_trip ... ok
test format::dicom::writer::tests::test_series_pixel_clamp_u16_range ... ok
test format::dicom::writer::tests::test_preservation_private_text_round_trip ... ok
test format::dicom::writer::tests::test_metadata_writer_pixel_tags_precede_pixel_data_and_are_unique ... ok
test format::dicom::writer::tests::test_metadata_writer_none_metadata_fallback ... ok
test format::metaimage::reader::tests::test_missing_file_returns_error ... ok
test format::jpeg::tests::write_rejects_nz_not_one ... ok
test format::dicom::writer::tests::test_basic_series_writer_has_type2_patient_tags ... ok
test format::dicom::writer::tests::test_metadata_writer_spatial_tags_first_slice ... ok
test format::dicom::writer::tests::test_series_writer_has_samples_per_pixel_one ... ok
test format::dicom::writer::tests::test_series_writer_has_conversion_type_wsd ... ok
test format::dicom::writer_object::tests::test_write_object_text_node_roundtrip ... ok
test format::dicom::writer::tests::test_metadata_writer_multislice_ipp_increment ... ok
test format::dicom::writer::tests::test_writer_creates_correct_number_of_slice_files ... ok
test format::dicom::writer_object::tests::test_write_object_preserves_nested_sequence_structure ... ok
test format::metaimage::writer::tests::test_writer_struct_creates_file ... ok
test format::metaimage::reader::tests::test_mhd_external_raw_file ... ok
test format::metaimage::reader::tests::test_unsupported_element_type_returns_error ... ok
test format::metaimage::reader::tests::test_missing_required_field_returns_error ... ok
test format::metaimage::writer::tests::test_dimsize_written_in_xyz_order ... ok
test format::metaimage::reader::tests::test_round_trip_mha ... ok
test format::metaimage::reader::tests::test_identity_direction ... ok
test format::metaimage::reader::tests::test_spacing_metadata_preserved ... ok
test format::jpeg::tests::roundtrip_gradient_32x32 ... ok
test format::metaimage::reader::tests::test_shape_permuted_to_zyx ... ok
test format::jpeg::tests::roundtrip_non_square_16x48 ... ok
test format::mgh::reader::tests::test_mgh_reader_struct_delegates ... ok
test format::jpeg::tests::roundtrip_single_pixel ... ok
test format::metaimage::writer::tests::test_header_fields_present ... ok
test format::jpeg::tests::spatial_metadata_defaults ... ok
test format::mgh::tests::test_gzip_detection_mgh_gz ... ok
test format::mgh::tests::test_gzip_detection_mgz ... ok
test format::mgh::tests::test_gzip_detection_plain_mgh ... ok
test format::mgh::tests::test_header_constants_consistency ... ok
test format::mgh::reader::tests::test_read_good_ras_flag_zero ... ok
test format::metaimage::writer::tests::test_non_identity_direction_in_header ... ok
test format::mgh::reader::tests::test_read_i16_data ... ok
test format::metaimage::writer::tests::test_payload_size_correct ... ok
test format::metaimage::writer::tests::test_spatial_metadata_in_header ... ok
test format::mgh::reader::tests::test_read_f32_data ... ok
test format::dicom::codec::tests::test_decode_compressed_frame_jxl_lossless_round_trip ... ok
test format::mgh::writer::tests::test_file_contains_full_payload ... ok
test format::mgh::reader::tests::test_read_invalid_version ... ok
test format::mgh::reader::tests::test_read_unsupported_type_code ... ok
test format::minc::reader::tests::test_build_spatial_metadata_identity ... ok
test format::minc::reader::tests::test_build_spatial_metadata_negative_step ... ok
test format::minc::reader::tests::test_convert_boolean ... ok
test format::mgh::reader::tests::test_read_u8_data ... ok
test format::minc::reader::tests::test_convert_f32_le ... ok
test format::minc::reader::tests::test_convert_f32_be ... ok
test format::mgh::reader::tests::test_read_i32_data ... ok
test format::mgh::reader::tests::test_read_nondefault_spatial ... ok
test format::minc::reader::tests::test_convert_f64_le ... ok
test format::minc::reader::tests::test_convert_i16_le ... ok
test format::minc::reader::tests::test_convert_i8 ... ok
test format::minc::reader::tests::test_convert_u8 ... ok
test format::mgh::reader::tests::test_read_truncated_file ... ok
test format::mgh::reader::tests::test_round_trip_basic ... ok
test format::mgh::reader::tests::test_read_mgz ... ok
test format::mgh::reader::tests::test_read_mgh_gz_extension ... ok
test format::mgh::writer::tests::test_round_trip_mgz_with_spatial ... ok
test format::minc::reader::tests::test_default_direction_cosines ... ok
test format::minc::reader::tests::test_extract_f64_array_3 ... ok
test format::minc::reader::tests::test_extract_f64_array_3_longer ... ok
test format::minc::reader::tests::test_convert_unsupported_type ... ok
test format::minc::reader::tests::test_dimorder_parsing_default ... ok
test format::minc::reader::tests::test_extract_f64_from_int ... ok
test format::minc::reader::tests::test_extract_f64_from_float ... ok
test format::minc::reader::tests::test_extract_f64_array_3_too_short ... ok
test format::mgh::reader::tests::test_round_trip_mgz ... ok
test format::mgh::reader::tests::test_round_trip_nondefault_spatial ... ok
test format::minc::reader::tests::test_extract_f64_from_uint ... ok
test format::minc::reader::tests::test_extract_i64_from_int ... ok
test format::minc::reader::tests::test_extract_i64_from_uint ... ok
test format::minc::reader::tests::test_extract_string ... ok
test format::mgh::writer::tests::test_round_trip_mgz ... ok
test format::mgh::writer::tests::test_edge_case_values_round_trip ... ok
test format::minc::tests::minc_dimension_default_direction_cosines ... ok
test format::mgh::writer::tests::test_header_binary_layout ... ok
test format::minc::writer::tests::test_write_minc_rejects_empty_shape ... ok
test format::minc::tests::constants_are_consistent ... ok
test format::minc::reader::tests::test_extract_string_from_bytes ... ok
test format::minc::reader::tests::test_order_dimensions_by_dimorder ... ok
test format::minc::reader::tests::test_order_dimensions_missing_dim ... ok
test format::mgh::writer::tests::test_invalid_version_rejected ... ok
test format::nifti::tests::test_read_nifti_error_leak ... ok
test format::nrrd::reader::tests::test_missing_file_returns_error ... ok
test format::mgh::writer::tests::test_round_trip_nondefault_spatial ... ok
test format::mgh::writer::tests::test_round_trip_f32_values ... ok
test format::mgh::writer::tests::test_writer_struct_delegates ... ok
test format::mgh::writer::tests::test_round_trip_mgh_gz_extension ... ok
test format::nrrd::reader::tests::test_invalid_magic_returns_error ... ok
test format::nifti::tests::test_read_write_nifti_cycle ... ok
test format::nifti::tests::test_read_nifti_invalid_file_error_leak ... ok
test format::nrrd::reader::tests::test_gzip_encoding_returns_helpful_error ... ok
test format::nrrd::writer::tests::test_writer_struct_creates_file ... ok
test format::tiff::reader::tests::test_missing_file_returns_error ... ok
test format::nifti::tests::test_write_nifti_sets_sform_header_fields ... ok
test format::nrrd::writer::tests::test_payload_size_correct ... ok
test format::nrrd::reader::tests::test_detached_data_file ... ok
test format::nrrd::reader::tests::test_direction_from_scaled_space_directions ... ok
test format::nrrd::reader::tests::test_missing_dimension_field_returns_error ... ok
test format::nrrd::writer::tests::test_mandatory_header_fields_present ... ok
test format::nrrd::reader::tests::test_unsupported_type_returns_error ... ok
test format::nrrd::reader::tests::test_round_trip_nrrd ... ok
test format::nrrd::writer::tests::test_space_origin_written_correctly ... ok
test format::vtk::image_xml::reader::tests::test_missing_piece_tag_error ... ok
test format::nrrd::writer::tests::test_round_trip_nrrd ... ok
test format::nrrd::writer::tests::test_rotated_direction_in_space_directions ... ok
test format::vtk::image_xml::reader::tests::test_nonexistent_file_error ... ok
test format::vtk::image_xml::reader::tests::test_parse_vti_cell_data ... ok
test format::vtk::image_xml::reader::tests::test_parse_vti_empty_point_data ... ok
test format::nrrd::reader::tests::test_shape_permuted_to_zyx ... ok
test format::nrrd::reader::tests::test_spacing_fallback_to_spacings_field ... ok
test format::vtk::image_xml::reader::tests::test_parse_vti_multicomponent_vectors ... ok
test format::vtk::image_xml::reader::tests::test_parse_vti_origin_and_spacing ... ok
test format::vtk::image_xml::reader::tests::test_parse_vti_point_data_scalars ... ok
test format::vtk::image_xml::reader::tests::test_parse_vti_whole_extent ... ok
test format::vtk::image_xml::reader::tests::test_read_vti_binary_appended_preserves_both_sections ... ok
test format::vtk::image_xml::reader::tests::test_read_vti_binary_appended_cell_data_roundtrip ... ok
test format::vtk::image_xml::writer::tests::test_write_vti_binary_appended_cell_data_offset_after_point_data ... ok
test format::vtk::image_xml::writer::tests::test_write_vti_binary_appended_cell_data_only_roundtrip ... ok
test format::vtk::image_xml::reader::tests::test_read_vti_file_roundtrip ... ok
test format::vtk::image_xml::writer::tests::test_write_vti_binary_appended_header_contains_appended_format ... ok
test format::vtk::image_xml::writer::tests::test_write_vti_binary_appended_mixed_point_and_cell_data ... ok
test format::vtk::image_xml::writer::tests::test_write_vti_binary_appended_offset_correctness ... ok
test format::vtk::image_xml::writer::tests::test_write_vti_binary_appended_roundtrip ... ok
test format::vtk::image_xml::writer::tests::test_write_vti_cell_data ... ok
test format::vtk::image_xml::writer::tests::test_write_vti_empty_grid ... ok
test format::nrrd::writer::tests::test_sizes_written_in_xyz_order ... ok
test format::vtk::image_xml::writer::tests::test_write_vti_extent_in_output ... ok
test format::vtk::image_xml::writer::tests::test_write_vti_file_roundtrip_via_string ... ok
test format::vtk::image_xml::writer::tests::test_write_vti_multicomponent ... ok
test format::vtk::image_xml::writer::tests::test_write_vti_origin_and_spacing ... ok
test format::tiff::writer::tests::test_file_contains_full_payload ... ok
test format::nrrd::writer::tests::test_space_directions_encodes_spacing_on_diagonal ... ok
test format::vtk::image_xml::writer::tests::test_write_vti_produces_vtkfile_header ... ok
test format::vtk::image_xml::writer::tests::test_write_vti_scalar_point_data ... ok
test format::nrrd::reader::tests::test_spacing_from_space_directions ... ok
test format::vtk::polydata::reader::tests::test_read_ascii_multiple_cell_types ... ok
test format::vtk::polydata::reader::tests::test_read_ascii_point_data_scalars ... ok
test format::vtk::polydata::reader::tests::test_read_ascii_vectors_normals ... ok
test format::vtk::polydata::reader::tests::test_read_ascii_triangle ... ok
test format::tiff::writer::tests::test_write_creates_nonempty_file ... ok
test format::mgh::writer::tests::test_all_four_data_types_readable ... ok
test format::vtk::polydata::reader::tests::test_read_ascii_polydata_with_lines ... ok
test format::vtk::image_xml::writer::tests::test_write_vti_rejects_invalid_grid ... ok
test format::tiff::writer::tests::test_writer_struct_delegates ... ok
test format::tiff::writer::tests::test_multi_page_file_size ... ok
test format::vtk::polydata::reader::tests::test_read_ascii_with_cell_data ... ok
test format::vtk::polydata::reader::tests::test_read_error_empty_file ... ok
test format::vtk::polydata::reader::tests::test_read_error_wrong_dataset ... ok
test format::vtk::polydata::writer::tests::test_write_ascii_triangle ... ok
test format::vtk::polydata::writer::tests::test_write_empty_polydata ... ok
test format::vtk::polydata::writer::tests::test_write_error_bad_path ... ok
test format::vtk::polydata::writer::tests::test_write_with_point_data_scalars ... ok
test format::vtk::polydata::writer::tests::test_write_preserves_all_cell_types ... ok
test format::vtk::polydata::writer::tests::test_write_vectors_round_trip ... ok
test format::vtk::polydata_xml::reader::tests::test_empty_parse ... ok
test format::vtk::polydata_xml::reader::tests::test_lines_parse ... ok
test format::vtk::polydata_xml::reader::tests::test_missing_points_error ... ok
test format::vtk::polydata_xml::reader::tests::test_scalars_roundtrip ... ok
test format::vtk::polydata_xml::reader::tests::test_triangle_parse ... ok
test format::vtk::polydata_xml::writer::tests::test_scalars_roundtrip ... ok
test format::vtk::polydata_xml::writer::tests::test_empty_polydata ... ok
test format::vtk::polydata_xml::writer::tests::test_roundtrip ... ok
test format::vtk::polydata_xml::reader::tests::test_vectors_roundtrip ... ok
test format::vtk::polydata_xml::writer::tests::test_bad_path_error ... ok
test format::vtk::polydata_xml::reader::tests::test_wrong_coord_count_error ... ok
test format::vtk::polydata_xml::writer::tests::test_vectors_roundtrip ... ok
test format::tiff::reader::tests::test_invalid_file_returns_error ... ok
test format::vtk::polydata_xml::writer::tests::test_triangle_counts ... ok
test format::vtk::tests::test_error_nonexistent_file ... ok
test format::tiff::reader::tests::test_reader_struct_delegates ... ok
test format::tiff::writer::tests::test_edge_case_values_round_trip ... ok
test format::tiff::reader::tests::test_negative_values_round_trip ... ok
test format::tiff::reader::tests::test_round_trip_multi_slice ... ok
test format::tiff::reader::tests::test_slice_ordering_preserved ... ok
test format::tiff::reader::tests::test_round_trip_single_slice ... ok
test format::tiff::writer::tests::test_round_trip_f32_values ... ok
test format::vtk::image_xml::reader::tests::test_from_file_roundtrip ... ok
test format::vtk::struct_grid::tests::test_structured_grid_validate_rejects_wrong_point_count ... ok
test format::vtk::unstructured_xml::reader::tests::test_cell_data_scalars_roundtrip ... ok
test format::vtk::unstructured_xml::reader::tests::test_cell_types_variety_roundtrip ... ok
test format::vtk::unstructured_xml::reader::tests::test_empty_grid_roundtrip ... ok
test format::vtk::unstructured_xml::reader::tests::test_missing_cells_section_error ... ok
test format::vtk::polydata::writer::tests::test_roundtrip_validate ... ok
test format::vtk::image_xml::writer::tests::test_write_vti_to_file_succeeds ... ok
test format::vtk::unstructured_xml::reader::tests::test_missing_piece_tag_error ... ok
test format::vtk::unstructured_xml::reader::tests::test_mixed_cell_sizes_connectivity_reconstruction ... ok
test format::vtk::unstructured_xml::reader::tests::test_nonexistent_file_error ... ok
test format::vtk::tests::test_error_empty_file ... ok
test format::vtk::unstructured_xml::reader::tests::test_normals_roundtrip ... ok
test format::vtk::unstructured_xml::reader::tests::test_offset_exceeds_connectivity_error ... ok
test format::vtk::unstructured_xml::reader::tests::test_offsets_count_mismatch_error ... ok
test format::vtk::unstructured_xml::reader::tests::test_point_data_and_cell_data_both_present_roundtrip ... ok
test format::vtk::unstructured_xml::reader::tests::test_point_data_scalars_roundtrip ... ok
test format::vtk::unstruct_grid::tests::test_unstructured_grid_validate_rejects_out_of_range_index ... ok
test format::vtk::unstructured_xml::reader::tests::test_tetra_roundtrip ... ok
test format::vtk::unstructured_xml::reader::tests::test_single_vertex_cell_roundtrip ... ok
test format::vtk::unstructured_xml::reader::tests::test_two_triangles_roundtrip ... ok
test format::vtk::unstructured_xml::reader::tests::test_types_count_mismatch_error ... ok
test format::vtk::unstructured_xml::reader::tests::test_vectors_roundtrip ... ok
test format::vtk::unstructured_xml::reader::tests::test_wrong_coord_count_error ... ok
test format::vtk::unstructured_xml::writer::tests::test_write_vtu_str_cell_data_emitted ... ok
test format::vtk::unstructured_xml::writer::tests::test_write_vtu_str_contains_vtk_header ... ok
test format::vtk::unstruct_grid::tests::test_unstructured_grid_validate_rejects_wrong_types_count ... ok
test format::vtk::unstructured_xml::writer::tests::test_write_vtu_str_cell_type_code ... ok
test format::vtk::unstructured_xml::writer::tests::test_write_vtu_str_connectivity_order ... ok
test format::vtk::unstructured_xml::writer::tests::test_write_vtu_str_empty_grid ... ok
test format::vtk::unstructured_xml::writer::tests::test_write_vtu_str_number_of_points_and_cells ... ok
test format::vtk::unstructured_xml::writer::tests::test_write_vtu_str_offsets_cumulative ... ok
test format::vtk::unstructured_xml::writer::tests::test_write_vtu_str_vectors_in_point_data ... ok
test format::vtk::unstructured_xml::writer::tests::test_write_vtu_str_point_data_emitted ... ok
test format::vtk::unstructured_xml::writer::tests::test_write_vtu_unstructured_grid_invalid_grid_returns_err ... ok
test format::vtk::struct_grid::tests::test_structured_grid_roundtrip_identity ... ok
test format::vtk::tests::test_negative_and_fractional_values ... ok
test format::vtk::tests::test_ascii_read ... ok
test format::vtk::struct_grid::tests::test_structured_grid_roundtrip_vectors ... ok
test format::vtk::tests::test_dip_trait_roundtrip ... ok
test format::vtk::tests::test_aspect_ratio_synonym ... ok
test format::vtk::tests::test_ascii_with_blank_lines_and_version_5 ... ok
test format::vtk::tests::test_error_truncated_binary ... ok
test format::vtk::tests::test_error_wrong_dataset_type ... ok
test format::vtk::tests::test_error_point_data_dimension_mismatch ... ok
test format::vtk::tests::test_roundtrip_spatial_metadata ... ok
test format::vtk::unstructured_xml::reader::tests::test_from_file_roundtrip ... ok
test format::vtk::tests::test_single_voxel_roundtrip ... ok
test format::vtk::unstruct_grid::tests::test_unstructured_grid_roundtrip_multiple_cells ... ok
test format::vtk::unstruct_grid::tests::test_unstructured_grid_roundtrip_tetrahedra ... ok
test format::vtk::unstructured_xml::writer::tests::test_write_vtu_unstructured_grid_creates_file ... ok
test format::vtk::tests::test_roundtrip_voxel_values ... ok
test format::dicom::reader::tests::test_scan_skull_ct_dicomdir_and_folder_agree_on_series ... ok
test format::dicom::reader::tests::test_scan_skull_ct_folder_with_dicomdir_loads_series ... ok

test result: ok. 454 passed; 0 failed; 0 ignored; 0 measured; 0 filtered out; finished in 6.65s

     Running tests\dicom_security.rs (target\debug\deps\dicom_security-a63d823e6d42795f.exe)

running 3 tests
test test_read_analyze_path_leak ... ok
test test_write_analyze_path_leak ... ok
test test_dicom_write_preserves_private_tags_and_metadata ... ok

test result: ok. 3 passed; 0 failed; 0 ignored; 0 measured; 0 filtered out; finished in 0.03s

     Running unittests src\lib.rs (target\debug\deps\ritk_model-320e2d582fb4f2fa.exe)

running 56 tests
test onnx::error::tests::test_error_display ... ok
test onnx::importer::tests::test_import_config_default ... ok
test onnx::graph::tests::test_element_type_properties ... ok
test onnx::ops::tests::test_operator_registry ... ok
test onnx::graph::tests::test_graph_validation ... ok
test onnx::error::tests::test_io_error_creation ... ok
test onnx::graph::tests::test_optional_attribute ... ok
test onnx::graph::tests::test_tensor_creation ... ok
test onnx::graph::tests::test_value_info ... ok
test onnx::importer::tests::test_importer_creation ... ok
test onnx::importer::tests::test_opset_version_bounded ... ok
test onnx::ops::tests::test_conv_validation ... ok
test onnx::ops::tests::test_maxpool_validation ... ok
test onnx::ops::tests::test_operator_categories ... ok
test onnx::graph::tests::test_graph_creation ... ok
test onnx::tensor::tests::test_is_static ... ok
test onnx::tensor::tests::test_num_elements ... ok
test onnx::tensor::tests::test_permute_shape ... ok
test onnx::graph::tests::test_node_attribute_extraction ... ok
test onnx::importer::tests::test_parse_nonexistent_file ... ok
test onnx::ops::tests::test_relu_validation ... ok
test onnx::error::tests::test_error_helpers ... ok
test onnx::tensor::tests::test_broadcast_shapes ... ok
test onnx::tensor::tests::test_squeeze_shape ... ok
test onnx::tensor::tests::test_tensor_layout_display ... ok
test onnx::tensor::tests::test_row_major_strides ... ok
test onnx::tensor::tests::test_transpose_shape ... ok
test onnx::tensor::tests::test_unsqueeze_shape ... ok
test onnx::tests::test_metadata_custom ... ok
test onnx::tests::test_metadata_default ... ok
test ssmmorph::encoder::tests::test_encoder_config ... ok
test ssmmorph::encoder::tests::test_encoder_presets ... ok
test ssmmorph::cross_scan::tests::test_scan_2d ... ok
test ssmmorph::cross_scan::tests::test_scan_3d ... ok
test ssmmorph::network::integration::tests::test_velocity_integrator ... ok
test ssmmorph::encoder::tests::test_encoder_stage_creation ... ok
test ssmmorph::state_space::tests::test_state_space_creation_dimensions ... ok
test ssmmorph::vmamba_block::tests::test_vmamba_block_creation ... ok
test ssmmorph::decoder::tests::test_decoder_creation ... ok
test ssmmorph::cross_scan::tests::test_cross_scan_3d ... ok
test ssmmorph::encoder::tests::test_encoder_creation ... ok
test ssmmorph::network::architecture::tests::test_ssmmorph_creation ... ok
test ssmmorph::network::architecture::tests::test_ssmmorph_presets ... ok
test onnx::importer::tests::test_parse_basic_model_onnx ... ok
test ssmmorph::state_space::tests::test_forward_pass_values ... ok
test ssmmorph::state_space::tests::test_forward_3d_discretization_bounds ... ok
test ssmmorph::vmamba_block::tests::test_vmamba_block_forward ... ok
test transmorph::tests::test_transmorph_forward ... ok
test ssmmorph::vmamba_block::tests::test_vmamba_stage ... ok
test ssmmorph::decoder::tests::test_decoder_stage ... ok
test ssmmorph::decoder::tests::test_decoder_forward has been running for over 60 seconds
test ssmmorph::encoder::tests::test_encoder_forward has been running for over 60 seconds
test ssmmorph::encoder::tests::test_encoder_stage_forward has been running for over 60 seconds
test ssmmorph::network::architecture::tests::test_nondiffeomorphic_mode has been running for over 60 seconds
test ssmmorph::network::architecture::tests::test_ssmmorph_forward has been running for over 60 seconds
test ssmmorph::network::architecture::tests::test_ssmmorph_forward_combined has been running for over 60 seconds
test ssmmorph::network::architecture::tests::test_nondiffeomorphic_mode ... ok
test ssmmorph::network::architecture::tests::test_ssmmorph_forward ... ok
test ssmmorph::network::architecture::tests::test_ssmmorph_forward_combined ... ok
test ssmmorph::encoder::tests::test_encoder_forward ... ok
test ssmmorph::decoder::tests::test_decoder_forward ... ok
test ssmmorph::encoder::tests::test_encoder_stage_forward ... ok

test result: ok. 56 passed; 0 failed; 0 ignored; 0 measured; 0 filtered out; finished in 424.19s

     Running tests\affine_test.rs (target\debug\deps\affine_test-73114bf63ab3566e.exe)

running 2 tests
test test_affine_transform_forward ... ok
test test_affine_network_forward ... ok

test result: ok. 2 passed; 0 failed; 0 ignored; 0 measured; 0 filtered out; finished in 7.27s

     Running tests\transmorph_test.rs (target\debug\deps\transmorph_test-6e16abfdc92417eb.exe)

running 1 test
test test_transmorph_forward ... ok

test result: ok. 1 passed; 0 failed; 0 ignored; 0 measured; 0 filtered out; finished in 0.99s

     Running unittests src\lib.rs (target\debug\deps\_ritk-74bba7aded19d6b3.exe)

running 10 tests
test statistics::tests::test_validate_percentiles_two_valid_ascending_returns_ok ... ok
test statistics::tests::test_validate_percentiles_descending_elements_returns_error ... ok
test statistics::tests::test_validate_percentiles_equal_elements_returns_error ... ok
test statistics::tests::test_validate_percentiles_single_element_returns_error ... ok
test statistics::tests::test_validate_range_equal_bounds_returns_error ... ok
test statistics::tests::test_validate_range_inverted_bounds_returns_error ... ok
test statistics::tests::test_validate_range_negative_to_positive_returns_ok ... ok
test statistics::tests::test_validate_range_zero_to_one_returns_ok ... ok
test statistics::tests::test_validate_percentiles_multi_ascending_returns_ok ... ok
test statistics::tests::test_validate_percentiles_empty_returns_error ... ok

test result: ok. 10 passed; 0 failed; 0 ignored; 0 measured; 0 filtered out; finished in 0.00s

     Running unittests src\lib.rs (target\debug\deps\ritk_registration-bad2598e3317895c.exe)

running 194 tests
test atlas::label_fusion::tests::jlf_atlas_count_mismatch ... ok
test atlas::label_fusion::tests::jlf_atlas_label_dimension_mismatch ... ok
test atlas::label_fusion::tests::jlf_empty_error ... ok
test atlas::label_fusion::tests::jlf_equidistant_majority ... ok
test atlas::label_fusion::tests::jlf_equidistant_same_labels ... ok
test atlas::label_fusion::tests::jlf_single_atlas ... ok
test atlas::label_fusion::tests::jlf_equidistant_tie_smallest_label ... ok
test atlas::label_fusion::tests::jlf_atlas_image_dimension_mismatch ... ok
test atlas::label_fusion::tests::jlf_target_dimension_mismatch ... ok
test atlas::label_fusion::tests::jlf_nonzero_patch_radius_equidistant ... ok
test atlas::label_fusion::tests::jlf_zero_distance_singular_fallback ... ok
test atlas::label_fusion::tests::majority_vote_dimension_mismatch ... ok
test atlas::label_fusion::tests::majority_vote_majority_label ... ok
test atlas::label_fusion::tests::majority_vote_single_atlas ... ok
test atlas::label_fusion::tests::majority_vote_unanimous ... ok
test atlas::label_fusion::tests::solve_1x1 ... ok
test atlas::label_fusion::tests::solve_2x2_known ... ok
test atlas::label_fusion::tests::solve_identity_2x2 ... ok
test atlas::label_fusion::tests::solve_singular_returns_none ... ok
test atlas::tests::dimension_mismatch_returns_error ... ok
test atlas::tests::empty_subjects_returns_error ... ok
test atlas::label_fusion::tests::majority_vote_empty_error ... ok
test atlas::label_fusion::tests::majority_vote_tie_smallest_label_wins ... ok
test atlas::tests::zero_dims_returns_error ... ok
test atlas::tests::zero_max_iterations_returns_error ... ok
test bspline_ffd::tests::bending_energy_of_constant_field_is_zero ... ok
test bspline_ffd::tests::bending_energy_of_zero_field_is_zero ... ok
test bspline_ffd::tests::bending_energy_positive_for_nonlinear_field ... ok
test bspline_ffd::tests::bspline_basis_non_negative ... ok
test bspline_ffd::tests::bspline_basis_partition_of_unity ... ok
test bspline_ffd::tests::init_control_grid_dimensions_correct ... ok
test bspline_ffd::tests::init_control_grid_non_divisible ... ok
test bspline_ffd::tests::mismatched_fixed_length_returns_error ... ok
test bspline_ffd::tests::mismatched_moving_length_returns_error ... ok
test bspline_ffd::tests::ncc_identical_images_is_one ... ok
test bspline_ffd::tests::ncc_negated_image_is_minus_one ... ok
test bspline_ffd::tests::zero_levels_returns_invalid_configuration ... ok
test bspline_ffd::tests::zero_spacing_returns_invalid_configuration ... ok
test bspline_ffd::tests::refine_doubles_grid_points ... ok
test bspline_ffd::tests::constant_displacement_translates_image ... ok
test classical::spatial::tests::test_build_homogeneous_matrix ... ok
test classical::spatial::tests::test_transform_point ... ok
test atlas::tests::single_subject_template_equals_subject ... ok
test classical::temporal::tests::test_sync_constant_signals ... ok
test classical::temporal::tests::test_sync_length_mismatch ... ok
test classical::spatial::tests::test_kabsch_identity ... ok
test classical::temporal::tests::test_sync_too_short ... ok
test classical::engine::tests::test_rigid_landmark_identity ... ok
test classical::engine::tests::test_rigid_landmark_known_rotation ... ok
test classical::temporal::tests::test_sync_identical_signals ... ok
test classical::temporal::tests::test_sync_lagged_signal ... ok
test classical::temporal::tests::test_success_rate_thresholds ... ok
test deformable_field_ops::tests::compose_with_zero_is_identity ... ok
test bspline_ffd::tests::zero_control_displacements_produce_identity_warp ... ok
test classical::engine::tests::test_mutual_information_identical ... ok
test classical::engine::tests::test_mutual_information_different ... ok
test deformable_field_ops::tests::gradient_linear_ramp_x ... ok
test deformable_field_ops::tests::gaussian_smooth_uniform_unchanged ... ok
test deformable_field_ops::tests::gaussian_smooth_reduces_peak ... ok
test deformable_field_ops::tests::scaling_and_squaring_small_velocity_approx_identity ... ok
test deformable_field_ops::tests::trilinear_at_integer_equals_value ... ok
test deformable_field_ops::tests::scaling_and_squaring_zero_field ... ok
test deformable_field_ops::tests::trilinear_constant_field ... ok
test deformable_field_ops::tests::warp_constant_image ... ok
test deformable_field_ops::tests::warp_identity_displacement ... ok
test demons::diffeomorphic::tests::mismatched_lengths_returns_error ... ok
test demons::exact_inverse_diffeomorphic::tests::test_fixed_mismatch_returns_error ... ok
test demons::diffeomorphic::tests::zero_velocity_zero_displacement ... ok
test atlas::tests::two_identical_constant_subjects_template_equals_constant ... ok
test demons::exact_inverse_diffeomorphic::tests::test_shape_mismatch_returns_error ... ok
test demons::inverse::tests::test_invert_displacement_identity_field_is_zero ... ok
test demons::inverse::tests::test_velocity_field_negation_is_exact_inverse ... ok
test demons::inverse::tests::test_max_iterations_bound ... ok
test atlas::tests::three_uniform_images_template_is_mean ... ok
test demons::inverse::tests::test_invert_small_translation ... ok
test demons::multires::tests::test_multires_single_level_equals_thirion ... ok
test demons::diffeomorphic::tests::result_retains_stationary_velocity_field ... ok
test demons::inverse::tests::test_invert_result_composition_near_identity ... ok
test demons::diffeomorphic::tests::invert_result_matches_negated_velocity_exponential ... ok
test demons::symmetric::tests::mismatched_lengths_returns_error ... ok
test demons::symmetric::tests::displacement_field_finite ... ok
test demons::diffeomorphic::tests::displacement_field_finite ... ok
test demons::thirion::tests::mismatched_lengths_returns_error ... ok
test bspline_ffd::tests::metric_improves_after_iterations ... ok
test demons::symmetric::tests::identity_registration_near_zero_mse ... ok
test demons::thirion::tests::constant_image_zero_forces ... ok
test demons::thirion::tests::displacement_field_finite ... ok
test diffeomorphic::bspline_syn::tests::accumulate_constant_force ... ok
test diffeomorphic::bspline_syn::tests::bspline_basis_boundary_values ... ok
test diffeomorphic::bspline_syn::tests::bspline_basis_non_negative ... ok
test demons::thirion::tests::identity_registration_near_zero_mse ... ok
test diffeomorphic::bspline_syn::tests::cp_count_formula ... ok
test diffeomorphic::bspline_syn::tests::bspline_basis_partition_of_unity ... ok
test diffeomorphic::bspline_syn::tests::constant_cp_produces_constant_field ... ok
test diffeomorphic::bspline_syn::tests::mean_local_cc_constant_images_is_zero ... ok
test demons::diffeomorphic::tests::identity_registration_near_zero_mse ... ok
test diffeomorphic::bspline_syn::tests::laplacian_constant_cp_is_zero ... ok
test diffeomorphic::bspline_syn::tests::laplacian_single_spike ... ok
test diffeomorphic::bspline_syn::tests::mean_local_cc_identical_images ... ok
test demons::diffeomorphic::tests::exact_inverse_composes_to_near_identity ... ok
test diffeomorphic::bspline_syn::tests::mismatched_fixed_length_returns_error ... ok
test diffeomorphic::bspline_syn::tests::mismatched_moving_length_returns_error ... ok
test diffeomorphic::bspline_syn::tests::zero_control_spacing_returns_error ... ok
test diffeomorphic::multires_syn::tests::cc_forces_identical_images_bounded ... ok
test diffeomorphic::multires_syn::tests::downsample_constant_preserves_value ... ok
test diffeomorphic::multires_syn::tests::invalid_iterations_per_level_returns_error ... ok
test diffeomorphic::multires_syn::tests::mean_local_cc_constant_images_is_zero ... ok
test diffeomorphic::multires_syn::tests::mean_local_cc_identical_images ... ok
test demons::symmetric::tests::approximate_symmetry_fm_vs_mf ... ok
test demons::multires::tests::test_multires_displacement_shape_matches_input ... ok
test diffeomorphic::multires_syn::tests::mismatched_fixed_length_returns_error ... ok
test diffeomorphic::multires_syn::tests::mismatched_moving_length_returns_error ... ok
test diffeomorphic::multires_syn::tests::upsample_constant_field_scales_correctly ... ok
test demons::thirion::tests::translation_recovery_direction ... ok
test diffeomorphic::multires_syn::tests::zero_levels_returns_error ... ok
test diffeomorphic::tests::mean_local_cc_constant_images_safe ... ok
test diffeomorphic::tests::mismatched_lengths_returns_error ... ok
test demons::symmetric::tests::registration_reduces_mse ... ok
test demons::thirion::tests::registration_reduces_mse ... ok
test diffeomorphic::tests::zero_velocity_zero_displacement ... ok
test error::tests::test_error_creation ... ok
test error::tests::test_error_display ... ok
test error::tests::test_shape_mismatch ... ok
test demons::exact_inverse_diffeomorphic::tests::test_weight_zero_matches_standard_diffeomorphic ... ok
test lddmm::tests::displacement_field_is_finite ... ok
test lddmm::tests::epdiff_adjoint_zero_momentum_is_zero ... ok
test lddmm::tests::geodesic_shooting_zero_velocity_produces_identity ... ok
test demons::exact_inverse_diffeomorphic::tests::test_all_displacement_values_finite ... ok
test diffeomorphic::multires_syn::tests::single_level_equivalent_to_syn ... ok
test lddmm::tests::identity_registration_low_mse ... ok
test lddmm::tests::mismatched_dims_returns_error ... ok
test demons::multires::tests::test_multires_thirion_identity_mse_below_threshold ... ok
test metric::correlation_ratio::tests::test_cr_creation ... ok
test diffeomorphic::tests::velocity_fields_finite ... ok
test metric::correlation_ratio::tests::test_cr_name ... ok
test metric::mutual_information::tests::test_mutual_information_consolidation ... ok
test metric::mutual_information::tests::test_sampling_clamp ... ok
test metric::ncc::tests::test_ncc_uncorrelated ... ok
test metric::ncc::tests::test_ncc_inverse_relationship ... ok
test metric::mse::tests::test_mse_identity ... ok
test metric::ncc::tests::test_ncc_identical ... ok
test metric::ncc::tests::test_ncc_linear_relationship ... ok
test demons::exact_inverse_diffeomorphic::tests::test_forward_and_inverse_fields_have_same_length ... ok
test optimizer::cma_es::tests::test_cholesky_identity ... ok
test optimizer::cma_es::tests::test_covariance_stays_positive_definite ... ok
test optimizer::cma_es::tests::test_default_population_size ... ok
test optimizer::cma_es::tests::test_seed_reproducibility ... ok
test optimizer::cma_es::tests::test_sphere_convergence_5d ... ok
test demons::exact_inverse_diffeomorphic::tests::test_ic_residual_decreases_with_symmetric_weight ... ok
test preprocessing::tests::test_add_step_increases_step_count ... ok
test preprocessing::tests::test_clamp_clips_values ... ok
test metric::trait_::tests::test_normalization_mode_default ... ok
test optimizer::cma_es::tests::test_step_size_decreases_monotone_unimodal ... ok
test preprocessing::tests::test_clamp_then_minmax_composition ... ok
test preprocessing::tests::test_empty_pipeline_identity ... ok
test preprocessing::tests::test_masking_wrong_dims_returns_err ... ok
test preprocessing::tests::test_minmax_min_is_zero_max_is_one ... ok
test preprocessing::tests::test_masking_zeros_masked_voxels ... ok
test progress::early_stopping::tests::test_early_stopping ... ok
test preprocessing::tests::test_zscore_constant_image_all_zeros ... ok
test progress::history::tests::test_history_callback ... ok
test progress::info::tests::test_progress_info ... ok
test progress::info::tests::test_progress_info_remaining ... ok
test progress::tracker::tests::test_progress_tracker ... ok
test registration::dl_ssm_registration::tests::test_diffeomorphic_wrapper ... ok
test registration::dl_ssm_registration::tests::test_integration_creation ... ok
test registration::tests::registration_summary_holds_execution_diagnostics ... ok
test registration::tests::test_registration_config_builder ... ok
test registration::tests::test_registration_config_default ... ok
test regularization::bending_energy::tests::test_bending_energy_2d_uniform ... ok
test regularization::curvature::tests::test_curvature_2d ... ok
test regularization::diffusion::tests::test_diffusion_2d ... ok
test regularization::elastic::tests::test_elastic_weights ... ok
test regularization::elastic::tests::test_elastic_2d ... ok
test regularization::total_variation::tests::test_tv_weight ... ok
test regularization::total_variation::tests::test_tv_2d_uniform ... ok
test lddmm::tests::metric_improves_over_iterations ... ok
test preprocessing::tests::test_n4_pipeline_step_executes ... ok
test diffeomorphic::multires_syn::tests::identity_registration_high_cc ... ok
test diffeomorphic::tests::identity_registration_high_cc ... ok
test demons::multires::tests::test_multires_thirion_shifted_image_mse_decreases ... ok
test demons::diffeomorphic::tests::registration_reduces_mse ... ok
test diffeomorphic::bspline_syn::tests::identity_registration_high_cc ... ok
test demons::exact_inverse_diffeomorphic::tests::test_registration_reduces_mse ... ok
test diffeomorphic::multires_syn::tests::inverse_consistency_produces_finite_fields ... ok
test demons::exact_inverse_diffeomorphic::tests::test_identity_registration_has_near_zero_mse ... ok
test demons::exact_inverse_diffeomorphic::tests::test_ic_residual_near_zero_for_identity_registration ... ok
test demons::multires::tests::test_multires_diffeomorphic_identity_mse_below_threshold ... ok
test diffeomorphic::bspline_syn::tests::bspline_field_smoothness ... ok
test diffeomorphic::tests::forward_inverse_field_symmetry ... ok
test diffeomorphic::multires_syn::tests::multires_registration_non_divergence ... ok
test diffeomorphic::tests::syn_registration_non_divergence_and_non_trivial_fields ... ok
test diffeomorphic::bspline_syn::tests::bspline_registration_non_divergence ... ok
test diffeomorphic::tests::syn_recovers_translation_ncc_improves ... ok

test result: ok. 194 passed; 0 failed; 0 ignored; 0 measured; 0 filtered out; finished in 4.30s

     Running tests\affine_registration_test.rs (target\debug\deps\affine_registration_test-aba91d1bcc9e1ff6.exe)

running 2 tests
test test_registration_affine_translation ... ok
test test_registration_affine_scaling ... ok

test result: ok. 2 passed; 0 failed; 0 ignored; 0 measured; 0 filtered out; finished in 34.61s

     Running tests\bspline_cr_test.rs (target\debug\deps\bspline_cr_test-fded392ed44cfbc3.exe)

running 1 test
test test_bspline_cr_registration_small has been running for over 60 seconds
test test_bspline_cr_registration_small ... ok

test result: ok. 1 passed; 0 failed; 0 ignored; 0 measured; 0 filtered out; finished in 265.17s

     Running tests\bspline_registration_test.rs (target\debug\deps\bspline_registration_test-2fd462b62e89136a.exe)

running 1 test
test test_registration_bspline_3d has been running for over 60 seconds
test test_registration_bspline_3d ... ok

test result: ok. 1 passed; 0 failed; 0 ignored; 0 measured; 0 filtered out; finished in 66.14s

     Running tests\correlation_ratio_test.rs (target\debug\deps\correlation_ratio_test-dea612c9ce36ece0.exe)

running 2 tests
test test_cr_perfect_match ... ok
test test_cr_shift_sensitivity ... ok

test result: ok. 2 passed; 0 failed; 0 ignored; 0 measured; 0 filtered out; finished in 0.05s

     Running tests\ct_mri_dicom_registration_test.rs (target\debug\deps\ct_mri_dicom_registration_test-b20a2fd86759580b.exe)

running 4 tests
test test_bspline_ffd_mridir_ct_synthetic_shift_recovery ... ignored, requires test data
test test_ct_dicom_series_metadata ... ignored, requires test data
test test_ct_mri_pair_intensity_statistics_differ ... ignored, requires test data
test test_mri_dir_mri_series_metadata ... ignored, requires test data

test result: ok. 0 passed; 0 failed; 4 ignored; 0 measured; 0 filtered out; finished in 0.00s

     Running tests\diffeomorphic_ssmmorph_test.rs (target\debug\deps\diffeomorphic_ssmmorph_test-cab3371f6dea70b3.exe)

running 1 test
test test_diffeomorphic_ssmmorph_integration ... ok

test result: ok. 1 passed; 0 failed; 0 ignored; 0 measured; 0 filtered out; finished in 11.75s

     Running tests\displacement_registration_test.rs (target\debug\deps\displacement_registration_test-a3e5231c847810a1.exe)

running 1 test
test test_displacement_registration_2d ... ok

test result: ok. 1 passed; 0 failed; 0 ignored; 0 measured; 0 filtered out; finished in 0.36s

     Running tests\lncc_test.rs (target\debug\deps\lncc_test-0b677773eb03cc17.exe)

running 2 tests
test tests::test_lncc_offset ... ok
test tests::test_lncc_perfect_match ... ok

test result: ok. 2 passed; 0 failed; 0 ignored; 0 measured; 0 filtered out; finished in 0.05s

     Running tests\mse_test.rs (target\debug\deps\mse_test-943ab39c3609c328.exe)

running 2 tests
test test_mse_identity ... ok
test test_mse_translation ... ok

test result: ok. 2 passed; 0 failed; 0 ignored; 0 measured; 0 filtered out; finished in 0.02s

     Running tests\multires_cr_test.rs (target\debug\deps\multires_cr_test-10355b6ee9db14d7.exe)

running 1 test
